Archive member included to satisfy reference by file (symbol)

/Applications/STM32CubeIDE.app/Contents/Eclipse/plugins/com.st.stm32cube.ide.mcu.externaltools.gnu-tools-for-stm32.12.3.rel1.macos64_1.1.0.202410301201/tools/bin/../lib/gcc/arm-none-eabi/12.3.1/../../../../arm-none-eabi/lib/thumb/v7e-m+fp/hard/libc_nano.a(libc_a-atoi.o)
                              ./Core/Src/BLE/BLE_Commands.o (atoi)
/Applications/STM32CubeIDE.app/Contents/Eclipse/plugins/com.st.stm32cube.ide.mcu.externaltools.gnu-tools-for-stm32.12.3.rel1.macos64_1.1.0.202410301201/tools/bin/../lib/gcc/arm-none-eabi/12.3.1/../../../../arm-none-eabi/lib/thumb/v7e-m+fp/hard/libc_nano.a(libc_a-exit.o)
                              /Applications/STM32CubeIDE.app/Contents/Eclipse/plugins/com.st.stm32cube.ide.mcu.externaltools.gnu-tools-for-stm32.12.3.rel1.macos64_1.1.0.202410301201/tools/bin/../lib/gcc/arm-none-eabi/12.3.1/../../../../arm-none-eabi/lib/thumb/v7e-m+fp/hard/crt0.o (exit)
/Applications/STM32CubeIDE.app/Contents/Eclipse/plugins/com.st.stm32cube.ide.mcu.externaltools.gnu-tools-for-stm32.12.3.rel1.macos64_1.1.0.202410301201/tools/bin/../lib/gcc/arm-none-eabi/12.3.1/../../../../arm-none-eabi/lib/thumb/v7e-m+fp/hard/libc_nano.a(libc_a-findfp.o)
                              /Applications/STM32CubeIDE.app/Contents/Eclipse/plugins/com.st.stm32cube.ide.mcu.externaltools.gnu-tools-for-stm32.12.3.rel1.macos64_1.1.0.202410301201/tools/bin/../lib/gcc/arm-none-eabi/12.3.1/../../../../arm-none-eabi/lib/thumb/v7e-m+fp/hard/libc_nano.a(libc_a-exit.o) (__stdio_exit_handler)
/Applications/STM32CubeIDE.app/Contents/Eclipse/plugins/com.st.stm32cube.ide.mcu.externaltools.gnu-tools-for-stm32.12.3.rel1.macos64_1.1.0.202410301201/tools/bin/../lib/gcc/arm-none-eabi/12.3.1/../../../../arm-none-eabi/lib/thumb/v7e-m+fp/hard/libc_nano.a(libc_a-strtol.o)
                              /Applications/STM32CubeIDE.app/Contents/Eclipse/plugins/com.st.stm32cube.ide.mcu.externaltools.gnu-tools-for-stm32.12.3.rel1.macos64_1.1.0.202410301201/tools/bin/../lib/gcc/arm-none-eabi/12.3.1/../../../../arm-none-eabi/lib/thumb/v7e-m+fp/hard/libc_nano.a(libc_a-atoi.o) (_strtol_r)
/Applications/STM32CubeIDE.app/Contents/Eclipse/plugins/com.st.stm32cube.ide.mcu.externaltools.gnu-tools-for-stm32.12.3.rel1.macos64_1.1.0.202410301201/tools/bin/../lib/gcc/arm-none-eabi/12.3.1/../../../../arm-none-eabi/lib/thumb/v7e-m+fp/hard/libc_nano.a(libc_a-fwalk.o)
                              /Applications/STM32CubeIDE.app/Contents/Eclipse/plugins/com.st.stm32cube.ide.mcu.externaltools.gnu-tools-for-stm32.12.3.rel1.macos64_1.1.0.202410301201/tools/bin/../lib/gcc/arm-none-eabi/12.3.1/../../../../arm-none-eabi/lib/thumb/v7e-m+fp/hard/libc_nano.a(libc_a-findfp.o) (_fwalk_sglue)
/Applications/STM32CubeIDE.app/Contents/Eclipse/plugins/com.st.stm32cube.ide.mcu.externaltools.gnu-tools-for-stm32.12.3.rel1.macos64_1.1.0.202410301201/tools/bin/../lib/gcc/arm-none-eabi/12.3.1/../../../../arm-none-eabi/lib/thumb/v7e-m+fp/hard/libc_nano.a(libc_a-memset.o)
                              /Applications/STM32CubeIDE.app/Contents/Eclipse/plugins/com.st.stm32cube.ide.mcu.externaltools.gnu-tools-for-stm32.12.3.rel1.macos64_1.1.0.202410301201/tools/bin/../lib/gcc/arm-none-eabi/12.3.1/../../../../arm-none-eabi/lib/thumb/v7e-m+fp/hard/crt0.o (memset)
/Applications/STM32CubeIDE.app/Contents/Eclipse/plugins/com.st.stm32cube.ide.mcu.externaltools.gnu-tools-for-stm32.12.3.rel1.macos64_1.1.0.202410301201/tools/bin/../lib/gcc/arm-none-eabi/12.3.1/../../../../arm-none-eabi/lib/thumb/v7e-m+fp/hard/libc_nano.a(libc_a-impure.o)
                              /Applications/STM32CubeIDE.app/Contents/Eclipse/plugins/com.st.stm32cube.ide.mcu.externaltools.gnu-tools-for-stm32.12.3.rel1.macos64_1.1.0.202410301201/tools/bin/../lib/gcc/arm-none-eabi/12.3.1/../../../../arm-none-eabi/lib/thumb/v7e-m+fp/hard/libc_nano.a(libc_a-strtol.o) (_impure_ptr)
/Applications/STM32CubeIDE.app/Contents/Eclipse/plugins/com.st.stm32cube.ide.mcu.externaltools.gnu-tools-for-stm32.12.3.rel1.macos64_1.1.0.202410301201/tools/bin/../lib/gcc/arm-none-eabi/12.3.1/../../../../arm-none-eabi/lib/thumb/v7e-m+fp/hard/libc_nano.a(libc_a-errno.o)
                              ./Core/Src/syscalls.o (__errno)
/Applications/STM32CubeIDE.app/Contents/Eclipse/plugins/com.st.stm32cube.ide.mcu.externaltools.gnu-tools-for-stm32.12.3.rel1.macos64_1.1.0.202410301201/tools/bin/../lib/gcc/arm-none-eabi/12.3.1/../../../../arm-none-eabi/lib/thumb/v7e-m+fp/hard/libc_nano.a(libc_a-init.o)
                              /Applications/STM32CubeIDE.app/Contents/Eclipse/plugins/com.st.stm32cube.ide.mcu.externaltools.gnu-tools-for-stm32.12.3.rel1.macos64_1.1.0.202410301201/tools/bin/../lib/gcc/arm-none-eabi/12.3.1/../../../../arm-none-eabi/lib/thumb/v7e-m+fp/hard/crt0.o (__libc_init_array)
[...]
Memory Configuration

Name             Origin             Length             Attributes
CCMRAM           0x10000000         0x00010000         xrw
RAM              0x20000000         0x00030000         xrw
FLASH            0x08000000         0x00200000         xr
*default*        0x00000000         0xffffffff

Linker script and memory map

LOAD /Applications/STM32CubeIDE.app/Contents/Eclipse/plugins/com.st.stm32cube.ide.mcu.externaltools.gnu-tools-for-stm32.12.3.rel1.macos64_1.1.0.202410301201/tools/bin/../lib/gcc/arm-none-eabi/12.3.1/thumb/v7e-m+fp/hard/crti.o
LOAD /Applications/STM32CubeIDE.app/Contents/Eclipse/plugins/com.st.stm32cube.ide.mcu.externaltools.gnu-tools-for-stm32.12.3.rel1.macos64_1.1.0.202410301201/tools/bin/../lib/gcc/arm-none-eabi/12.3.1/thumb/v7e-m+fp/hard/crtbegin.o
LOAD /Applications/STM32CubeIDE.app/Contents/Eclipse/plugins/com.st.stm32cube.ide.mcu.externaltools.gnu-tools-for-stm32.12.3.rel1.macos64_1.1.0.202410301201/tools/bin/../lib/gcc/arm-none-eabi/12.3.1/../../../../arm-none-eabi/lib/thumb/v7e-m+fp/hard/crt0.o
LOAD ./Core/Src/BLE/BLE.o
LOAD ./Core/Src/BLE/BLE_Commands.o
LOAD ./Core/Src/IMU/IMU.o
LOAD ./Core/Src/Motor/motor.o
LOAD ./Core/Src/Servo/Servo.o
LOAD ./Core/Src/dma.o
LOAD ./Core/Src/gpio.o
LOAD ./Core/Src/i2c.o
LOAD ./Core/Src/main.o
LOAD ./Core/Src/stm32f4xx_hal_msp.o
LOAD ./Core/Src/stm32f4xx_it.o
LOAD ./Core/Src/syscalls.o
LOAD ./Core/Src/sysmem.o
LOAD ./Core/Src/system_stm32f4xx.o
LOAD ./Core/Src/tim.o
LOAD ./Core/Src/usart.o
LOAD ./Core/Startup/startup_stm32f429zitx.o
LOAD ./Drivers/STM32F4xx_HAL_Driver/Src/stm32f4xx_hal.o
LOAD ./Drivers/STM32F4xx_HAL_Driver/Src/stm32f4xx_hal_cortex.o
LOAD ./Drivers/STM32F4xx_HAL_Driver/Src/stm32f4xx_hal_dma.o
LOAD ./Drivers/STM32F4xx_HAL_Driver/Src/stm32f4xx_hal_dma_ex.o
LOAD ./Drivers/STM32F4xx_HAL_Driver/Src/stm32f4xx_hal_exti.o
LOAD ./Drivers/STM32F4xx_HAL_Driver/Src/stm32f4xx_hal_flash.o
LOAD ./Drivers/STM32F4xx_HAL_Driver/Src/stm32f4xx_hal_flash_ex.o
LOAD ./Drivers/STM32F4xx_HAL_Driver/Src/stm32f4xx_hal_flash_ramfunc.o
LOAD ./Drivers/STM32F4xx_HAL_Driver/Src/stm32f4xx_hal_gpio.o
LOAD ./Drivers/STM32F4xx_HAL_Driver/Src/stm32f4xx_hal_i2c.o
LOAD ./Drivers/STM32F4xx_HAL_Driver/Src/stm32f4xx_hal_i2c_ex.o
LOAD ./Drivers/STM32F4xx_HAL_Driver/Src/stm32f4xx_hal_pwr.o
LOAD ./Drivers/STM32F4xx_HAL_Driver/Src/stm32f4xx_hal_pwr_ex.o
LOAD ./Drivers/STM32F4xx_HAL_Driver/Src/stm32f4xx_hal_rcc.o
LOAD ./Drivers/STM32F4xx_HAL_Driver/Src/stm32f4xx_hal_rcc_ex.o
LOAD ./Drivers/STM32F4xx_HAL_Driver/Src/stm32f4xx_hal_tim.o
LOAD ./Drivers/STM32F4xx_HAL_Driver/Src/stm32f4xx_hal_tim_ex.o
LOAD ./Drivers/STM32F4xx_HAL_Driver/Src/stm32f4xx_hal_uart.o
START GROUP
LOAD /Applications/STM32CubeIDE.app/Contents/Eclipse/plugins/com.st.stm32cube.ide.mcu.externaltools.gnu-tools-for-stm32.12.3.rel1.macos64_1.1.0.202410301201/tools/bin/../lib/gcc/arm-none-eabi/12.3.1/../../../../arm-none-eabi/lib/thumb/v7e-m+fp/hard/libc_nano.a
LOAD /Applications/STM32CubeIDE.app/Contents/Eclipse/plugins/com.st.stm32cube.ide.mcu.externaltools.gnu-tools-for-stm32.12.3.rel1.macos64_1.1.0.202410301201/tools/bin/../lib/gcc/arm-none-eabi/12.3.1/../../../../arm-none-eabi/lib/thumb/v7e-m+fp/hard/libm.a
END GROUP
START GROUP
LOAD /Applications/STM32CubeIDE.app/Contents/Eclipse/plugins/com.st.stm32cube.ide.mcu.externaltools.gnu-tools-for-stm32.12.3.rel1.macos64_1.1.0.202410301201/tools/bin/../lib/gcc/arm-none-eabi/12.3.1/thumb/v7e-m+fp/hard/libgcc.a
LOAD /Applications/STM32CubeIDE.app/Contents/Eclipse/plugins/com.st.stm32cube.ide.mcu.externaltools.gnu-tools-for-stm32.12.3.rel1.macos64_1.1.0.202410301201/tools/bin/../lib/gcc/arm-none-eabi/12.3.1/../../../../arm-none-eabi/lib/thumb/v7e-m+fp/hard/libc_nano.a
END GROUP
START GROUP
LOAD /Applications/STM32CubeIDE.app/Contents/Eclipse/plugins/com.st.stm32cube.ide.mcu.externaltools.gnu-tools-for-stm32.12.3.rel1.macos64_1.1.0.202410301201/tools/bin/../lib/gcc/arm-none-eabi/12.3.1/thumb/v7e-m+fp/hard/libgcc.a
LOAD /Applications/STM32CubeIDE.app/Contents/Eclipse/plugins/com.st.stm32cube.ide.mcu.externaltools.gnu-tools-for-stm32.12.3.rel1.macos64_1.1.0.202410301201/tools/bin/../lib/gcc/arm-none-eabi/12.3.1/../../../../arm-none-eabi/lib/thumb/v7e-m+fp/hard/libc_nano.a
LOAD /Applications/STM32CubeIDE.app/Contents/Eclipse/plugins/com.st.stm32cube.ide.mcu.externaltools.gnu-tools-for-stm32.12.3.rel1.macos64_1.1.0.202410301201/tools/bin/../lib/gcc/arm-none-eabi/12.3.1/../../../../arm-none-eabi/lib/thumb/v7e-m+fp/hard/libnosys.a
END GROUP
START GROUP
LOAD /Applications/STM32CubeIDE.app/Contents/Eclipse/plugins/com.st.stm32cube.ide.mcu.externaltools.gnu-tools-for-stm32.12.3.rel1.macos64_1.1.0.202410301201/tools/bin/../lib/gcc/arm-none-eabi/12.3.1/thumb/v7e-m+fp/hard/libgcc.a
LOAD /Applications/STM32CubeIDE.app/Contents/Eclipse/plugins/com.st.stm32cube.ide.mcu.externaltools.gnu-tools-for-stm32.12.3.rel1.macos64_1.1.0.202410301201/tools/bin/../lib/gcc/arm-none-eabi/12.3.1/../../../../arm-none-eabi/lib/thumb/v7e-m+fp/hard/libc_nano.a
LOAD /Applications/STM32CubeIDE.app/Contents/Eclipse/plugins/com.st.stm32cube.ide.mcu.externaltools.gnu-tools-for-stm32.12.3.rel1.macos64_1.1.0.202410301201/tools/bin/../lib/gcc/arm-none-eabi/12.3.1/../../../../arm-none-eabi/lib/thumb/v7e-m+fp/hard/libnosys.a
END GROUP
LOAD /Applications/STM32CubeIDE.app/Contents/Eclipse/plugins/com.st.stm32cube.ide.mcu.externaltools.gnu-tools-for-stm32.12.3.rel1.macos64_1.1.0.202410301201/tools/bin/../lib/gcc/arm-none-eabi/12.3.1/thumb/v7e-m+fp/hard/crtend.o
LOAD /Applications/STM32CubeIDE.app/Contents/Eclipse/plugins/com.st.stm32cube.ide.mcu.externaltools.gnu-tools-for-stm32.12.3.rel1.macos64_1.1.0.202410301201/tools/bin/../lib/gcc/arm-none-eabi/12.3.1/thumb/v7e-m+fp/hard/crtn.o
                0x20030000                        _estack = (ORIGIN (RAM) + LENGTH (RAM))
                0x00000200                        _Min_Heap_Size = 0x200
                0x00000400                        _Min_Stack_Size = 0x400

.isr_vector     0x08000000      0x1ac
                0x08000000                        . = ALIGN (0x4)
 *(.isr_vector)
 .isr_vector    0x08000000      0x1ac ./Core/Startup/startup_stm32f429zitx.o
                0x08000000                g_pfnVectors
                0x080001ac                        . = ALIGN (0x4)

.text           0x080001b0     0x6798
                0x080001b0                        . = ALIGN (0x4)
 *(.text)
 .text          0x080001b0       0x40 /Applications/STM32CubeIDE.app/Contents/Eclipse/plugins/com.st.stm32cube.ide.mcu.externaltools.gnu-tools-for-stm32.12.3.rel1.macos64_1.1.0.202410301201/tools/bin/../lib/gcc/arm-none-eabi/12.3.1/thumb/v7e-m+fp/hard/crtbegin.o
 .text          0x080001f0      0x378 /Applications/STM32CubeIDE.app/Contents/Eclipse/plugins/com.st.stm32cube.ide.mcu.externaltools.gnu-tools-for-stm32.12.3.rel1.macos64_1.1.0.202410301201/tools/bin/../lib/gcc/arm-none-eabi/12.3.1/thumb/v7e-m+fp/hard/libgcc.a(_arm_addsubdf3.o)
                0x080001f0                __aeabi_drsub
                0x080001f8                __subdf3
                0x080001f8                __aeabi_dsub
                0x080001fc                __aeabi_dadd
                0x080001fc                __adddf3
                0x08000474                __aeabi_ui2d
                0x08000474                __floatunsidf
                0x08000494                __floatsidf
                0x08000494                __aeabi_i2d
                0x080004b8                __extendsfdf2
                0x080004b8                __aeabi_f2d
                0x080004fc                __aeabi_ul2d
                0x080004fc                __floatundidf
                0x0800050c                __aeabi_l2d
                0x0800050c                __floatdidf
 .text          0x08000568      0x110 /Applications/STM32CubeIDE.app/Contents/Eclipse/plugins/com.st.stm32cube.ide.mcu.externaltools.gnu-tools-for-stm32.12.3.rel1.macos64_1.1.0.202410301201/tools/bin/../lib/gcc/arm-none-eabi/12.3.1/thumb/v7e-m+fp/hard/libgcc.a(_arm_cmpdf2.o)
                0x08000568                __gedf2
                0x08000568                __gtdf2
                0x08000570                __ledf2
                0x08000570                __ltdf2
                0x08000578                __cmpdf2
                0x08000578                __eqdf2
                0x08000578                __nedf2
                0x080005f4                __aeabi_cdrcmple
                0x08000604                __aeabi_cdcmple
                0x08000604                __aeabi_cdcmpeq
                0x08000614                __aeabi_dcmpeq
                0x08000628                __aeabi_dcmplt
                0x0800063c                __aeabi_dcmple
                0x08000650                __aeabi_dcmpge
                0x08000664                __aeabi_dcmpgt
 .text          0x08000678       0x30 /Applications/STM32CubeIDE.app/Contents/Eclipse/plugins/com.st.stm32cube.ide.mcu.externaltools.gnu-tools-for-stm32.12.3.rel1.macos64_1.1.0.202410301201/tools/bin/../lib/gcc/arm-none-eabi/12.3.1/thumb/v7e-m+fp/hard/libgcc.a(_aeabi_uldivmod.o)
                0x08000678                __aeabi_uldivmod
 .text          0x080006a8      0x2bc /Applications/STM32CubeIDE.app/Contents/Eclipse/plugins/com.st.stm32cube.ide.mcu.externaltools.gnu-tools-for-stm32.12.3.rel1.macos64_1.1.0.202410301201/tools/bin/../lib/gcc/arm-none-eabi/12.3.1/thumb/v7e-m+fp/hard/libgcc.a(_udivmoddi4.o)
                0x080006a8                __udivmoddi4
 .text          0x08000964        0x4 /Applications/STM32CubeIDE.app/Contents/Eclipse/plugins/com.st.stm32cube.ide.mcu.externaltools.gnu-tools-for-stm32.12.3.rel1.macos64_1.1.0.202410301201/tools/bin/../lib/gcc/arm-none-eabi/12.3.1/thumb/v7e-m+fp/hard/libgcc.a(_dvmd_tls.o)
                0x08000964                __aeabi_ldiv0
                0x08000964                __aeabi_idiv0
 *(.text*)
 .text.BLE_Init
                0x08000968       0x30 ./Core/Src/BLE/BLE.o
                0x08000968                BLE_Init
 .text.HAL_UART_RxCpltCallback
                0x08000998       0x60 ./Core/Src/BLE/BLE.o
                0x08000998                HAL_UART_RxCpltCallback
 .text.BLE_ProcessCommand
                0x080009f8       0x6a ./Core/Src/BLE/BLE_Commands.o
                0x080009f8                BLE_ProcessCommand
 *fill*         0x08000a62        0x2 
 .text.HAL_I2C_MasterRxCpltCallback
                0x08000a64       0x2c ./Core/Src/IMU/IMU.o
                0x08000a64                HAL_I2C_MasterRxCpltCallback
 .text.Motor_Init
                0x08000a90       0x20 ./Core/Src/Motor/motor.o
                0x08000a90                Motor_Init
 .text.Motor_SetSpeed
                0x08000ab0       0x4c ./Core/Src/Motor/motor.o
                0x08000ab0                Motor_SetSpeed
 .text.Motor_Stop
                0x08000afc       0x14 ./Core/Src/Motor/motor.o
                0x08000afc                Motor_Stop
 .text.setServoDuty
                0x08000b10       0xb4 ./Core/Src/Servo/Servo.o
                0x08000b10                setServoDuty
 .text.setAllServos
                0x08000bc4       0x3a ./Core/Src/Servo/Servo.o
                0x08000bc4                setAllServos
 *fill*         0x08000bfe        0x2 
 .text.MX_DMA_Init
                0x08000c00       0x50 ./Core/Src/dma.o
                0x08000c00                MX_DMA_Init
 .text.MX_GPIO_Init
                0x08000c50       0x50 ./Core/Src/gpio.o
                0x08000c50                MX_GPIO_Init
 .text.MX_I2C1_Init
                0x08000ca0       0x80 ./Core/Src/i2c.o
                0x08000ca0                MX_I2C1_Init
 .text.HAL_I2C_MspInit
                0x08000d20      0x178 ./Core/Src/i2c.o
                0x08000d20                HAL_I2C_MspInit
 .text.main     0x08000e98      0x104 ./Core/Src/main.o
                0x08000e98                main
 .text.SystemClock_Config
                0x08000f9c       0xe0 ./Core/Src/main.o
                0x08000f9c                SystemClock_Config
 .text.Error_Handler
                0x0800107c        0xc ./Core/Src/main.o
                0x0800107c                Error_Handler
 .text.HAL_MspInit
                0x08001088       0x50 ./Core/Src/stm32f4xx_hal_msp.o
                0x08001088                HAL_MspInit
 .text.NMI_Handler
                0x080010d8        0x8 ./Core/Src/stm32f4xx_it.o
                0x080010d8                NMI_Handler
 .text.HardFault_Handler
                0x080010e0        0x8 ./Core/Src/stm32f4xx_it.o
                0x080010e0                HardFault_Handler
 .text.MemManage_Handler
                0x080010e8        0x8 ./Core/Src/stm32f4xx_it.o
                0x080010e8                MemManage_Handler
 .text.BusFault_Handler
                0x080010f0        0x8 ./Core/Src/stm32f4xx_it.o
                0x080010f0                BusFault_Handler
 .text.UsageFault_Handler
                0x080010f8        0x8 ./Core/Src/stm32f4xx_it.o
                0x080010f8                UsageFault_Handler
 .text.SVC_Handler
                0x08001100        0xe ./Core/Src/stm32f4xx_it.o
                0x08001100                SVC_Handler
 .text.DebugMon_Handler
                0x0800110e        0xe ./Core/Src/stm32f4xx_it.o
                0x0800110e                DebugMon_Handler
 .text.PendSV_Handler
                0x0800111c        0xe ./Core/Src/stm32f4xx_it.o
                0x0800111c                PendSV_Handler
 .text.SysTick_Handler
                0x0800112a        0xc ./Core/Src/stm32f4xx_it.o
                0x0800112a                SysTick_Handler
 *fill*         0x08001136        0x2 
 .text.DMA1_Stream0_IRQHandler
                0x08001138       0x14 ./Core/Src/stm32f4xx_it.o
                0x08001138                DMA1_Stream0_IRQHandler
 .text.DMA1_Stream6_IRQHandler
                0x0800114c       0x14 ./Core/Src/stm32f4xx_it.o
                0x0800114c                DMA1_Stream6_IRQHandler
 .text.I2C1_EV_IRQHandler
                0x08001160       0x14 ./Core/Src/stm32f4xx_it.o
                0x08001160                I2C1_EV_IRQHandler
 .text.I2C1_ER_IRQHandler
                0x08001174       0x14 ./Core/Src/stm32f4xx_it.o
                0x08001174                I2C1_ER_IRQHandler
 .text.USART2_IRQHandler
                0x08001188       0x14 ./Core/Src/stm32f4xx_it.o
                0x08001188                USART2_IRQHandler
 .text.SystemInit
                0x0800119c       0x24 ./Core/Src/system_stm32f4xx.o
                0x0800119c                SystemInit
 .text.MX_TIM3_Init
                0x080011c0       0xec ./Core/Src/tim.o
                0x080011c0                MX_TIM3_Init
 .text.MX_TIM4_Init
                0x080012ac      0x130 ./Core/Src/tim.o
                0x080012ac                MX_TIM4_Init
 .text.HAL_TIM_Base_MspInit
                0x080013dc       0x70 ./Core/Src/tim.o
                0x080013dc                HAL_TIM_Base_MspInit
 .text.HAL_TIM_MspPostInit
                0x0800144c       0xc4 ./Core/Src/tim.o
                0x0800144c                HAL_TIM_MspPostInit
 .text.MX_USART2_UART_Init
                0x08001510       0x54 ./Core/Src/usart.o
                0x08001510                MX_USART2_UART_Init
 .text.HAL_UART_MspInit
                0x08001564       0xa0 ./Core/Src/usart.o
                0x08001564                HAL_UART_MspInit
 .text.Reset_Handler
                0x08001604       0x50 ./Core/Startup/startup_stm32f429zitx.o
                0x08001604                Reset_Handler
 .text.Default_Handler
                0x08001654        0x2 ./Core/Startup/startup_stm32f429zitx.o
                0x08001654                DMA1_Stream3_IRQHandler
                0x08001654                HASH_RNG_IRQHandler
                0x08001654                EXTI2_IRQHandler
                0x08001654                TIM8_CC_IRQHandler
                0x08001654                UART8_IRQHandler
                0x08001654                SPI4_IRQHandler
                0x08001654                TIM1_CC_IRQHandler
                0x08001654                DMA2_Stream5_IRQHandler
                0x08001654                DMA1_Stream5_IRQHandler
                0x08001654                PVD_IRQHandler
                0x08001654                SDIO_IRQHandler
                0x08001654                TAMP_STAMP_IRQHandler
                0x08001654                CAN2_RX1_IRQHandler
                0x08001654                EXTI3_IRQHandler
                0x08001654                TIM8_TRG_COM_TIM14_IRQHandler
                0x08001654                TIM1_UP_TIM10_IRQHandler
                0x08001654                TIM8_UP_TIM13_IRQHandler
                0x08001654                I2C3_ER_IRQHandler
                0x08001654                EXTI0_IRQHandler
                0x08001654                I2C2_EV_IRQHandler
                0x08001654                DMA1_Stream2_IRQHandler
                0x08001654                CAN1_RX0_IRQHandler
                0x08001654                FPU_IRQHandler
                0x08001654                OTG_HS_WKUP_IRQHandler
                0x08001654                LTDC_ER_IRQHandler
                0x08001654                CAN2_SCE_IRQHandler
                0x08001654                DMA2_Stream2_IRQHandler
                0x08001654                SPI1_IRQHandler
                0x08001654                TIM6_DAC_IRQHandler
                0x08001654                TIM1_BRK_TIM9_IRQHandler
                0x08001654                DCMI_IRQHandler
                0x08001654                CAN2_RX0_IRQHandler
                0x08001654                DMA2_Stream3_IRQHandler
                0x08001654                USART6_IRQHandler
                0x08001654                USART3_IRQHandler
                0x08001654                CAN1_RX1_IRQHandler
                0x08001654                UART5_IRQHandler
                0x08001654                DMA2_Stream0_IRQHandler
                0x08001654                TIM4_IRQHandler
                0x08001654                DMA1_Stream1_IRQHandler
                0x08001654                UART4_IRQHandler
                0x08001654                TIM3_IRQHandler
                0x08001654                RCC_IRQHandler
                0x08001654                TIM8_BRK_TIM12_IRQHandler
                0x08001654                Default_Handler
                0x08001654                EXTI15_10_IRQHandler
                0x08001654                ADC_IRQHandler
                0x08001654                DMA1_Stream7_IRQHandler
                0x08001654                SPI5_IRQHandler
                0x08001654                TIM7_IRQHandler
                0x08001654                CAN2_TX_IRQHandler
                0x08001654                TIM5_IRQHandler
                0x08001654                DMA2_Stream7_IRQHandler
                0x08001654                I2C3_EV_IRQHandler
                0x08001654                EXTI9_5_IRQHandler
                0x08001654                RTC_WKUP_IRQHandler
                0x08001654                LTDC_IRQHandler
                0x08001654                ETH_WKUP_IRQHandler
                0x08001654                SPI2_IRQHandler
                0x08001654                OTG_HS_EP1_IN_IRQHandler
                0x08001654                CAN1_TX_IRQHandler
                0x08001654                EXTI4_IRQHandler
                0x08001654                ETH_IRQHandler
                0x08001654                OTG_HS_EP1_OUT_IRQHandler
                0x08001654                WWDG_IRQHandler
                0x08001654                SPI6_IRQHandler
                0x08001654                TIM2_IRQHandler
                0x08001654                OTG_FS_WKUP_IRQHandler
                0x08001654                TIM1_TRG_COM_TIM11_IRQHandler
                0x08001654                OTG_HS_IRQHandler
                0x08001654                DMA2D_IRQHandler
                0x08001654                EXTI1_IRQHandler
                0x08001654                UART7_IRQHandler
                0x08001654                I2C2_ER_IRQHandler
                0x08001654                DMA2_Stream1_IRQHandler
                0x08001654                CAN1_SCE_IRQHandler
                0x08001654                FLASH_IRQHandler
                0x08001654                DMA2_Stream4_IRQHandler
                0x08001654                USART1_IRQHandler
                0x08001654                OTG_FS_IRQHandler
                0x08001654                SPI3_IRQHandler
                0x08001654                DMA1_Stream4_IRQHandler
                0x08001654                FMC_IRQHandler
                0x08001654                DMA2_Stream6_IRQHandler
                0x08001654                SAI1_IRQHandler
                0x08001654                RTC_Alarm_IRQHandler
 *fill*         0x08001656        0x2 
 .text.HAL_Init
                0x08001658       0x44 ./Drivers/STM32F4xx_HAL_Driver/Src/stm32f4xx_hal.o
                0x08001658                HAL_Init
 .text.HAL_InitTick
                0x0800169c       0x60 ./Drivers/STM32F4xx_HAL_Driver/Src/stm32f4xx_hal.o
                0x0800169c                HAL_InitTick
 .text.HAL_IncTick
                0x080016fc       0x28 ./Drivers/STM32F4xx_HAL_Driver/Src/stm32f4xx_hal.o
                0x080016fc                HAL_IncTick
 .text.HAL_GetTick
                0x08001724       0x18 ./Drivers/STM32F4xx_HAL_Driver/Src/stm32f4xx_hal.o
                0x08001724                HAL_GetTick
 .text.HAL_Delay
                0x0800173c       0x48 ./Drivers/STM32F4xx_HAL_Driver/Src/stm32f4xx_hal.o
                0x0800173c                HAL_Delay
 .text.__NVIC_SetPriorityGrouping
                0x08001784       0x48 ./Drivers/STM32F4xx_HAL_Driver/Src/stm32f4xx_hal_cortex.o
 .text.__NVIC_GetPriorityGrouping
                0x080017cc       0x1c ./Drivers/STM32F4xx_HAL_Driver/Src/stm32f4xx_hal_cortex.o
 .text.__NVIC_EnableIRQ
                0x080017e8       0x3c ./Drivers/STM32F4xx_HAL_Driver/Src/stm32f4xx_hal_cortex.o
 .text.__NVIC_SetPriority
                0x08001824       0x54 ./Drivers/STM32F4xx_HAL_Driver/Src/stm32f4xx_hal_cortex.o
 .text.NVIC_EncodePriority
                0x08001878       0x66 ./Drivers/STM32F4xx_HAL_Driver/Src/stm32f4xx_hal_cortex.o
 *fill*         0x080018de        0x2 
 .text.SysTick_Config
                0x080018e0       0x44 ./Drivers/STM32F4xx_HAL_Driver/Src/stm32f4xx_hal_cortex.o
 .text.HAL_NVIC_SetPriorityGrouping
                0x08001924       0x16 ./Drivers/STM32F4xx_HAL_Driver/Src/stm32f4xx_hal_cortex.o
                0x08001924                HAL_NVIC_SetPriorityGrouping
 .text.HAL_NVIC_SetPriority
                0x0800193a       0x38 ./Drivers/STM32F4xx_HAL_Driver/Src/stm32f4xx_hal_cortex.o
                0x0800193a                HAL_NVIC_SetPriority
 .text.HAL_NVIC_EnableIRQ
                0x08001972       0x1c ./Drivers/STM32F4xx_HAL_Driver/Src/stm32f4xx_hal_cortex.o
                0x08001972                HAL_NVIC_EnableIRQ
 .text.HAL_SYSTICK_Config
                0x0800198e       0x18 ./Drivers/STM32F4xx_HAL_Driver/Src/stm32f4xx_hal_cortex.o
                0x0800198e                HAL_SYSTICK_Config
 *fill*         0x080019a6        0x2 
 .text.HAL_DMA_Init
                0x080019a8      0x15c ./Drivers/STM32F4xx_HAL_Driver/Src/stm32f4xx_hal_dma.o
                0x080019a8                HAL_DMA_Init
 .text.HAL_DMA_Abort
                0x08001b04       0xe0 ./Drivers/STM32F4xx_HAL_Driver/Src/stm32f4xx_hal_dma.o
                0x08001b04                HAL_DMA_Abort
 .text.HAL_DMA_Abort_IT
                0x08001be4       0x44 ./Drivers/STM32F4xx_HAL_Driver/Src/stm32f4xx_hal_dma.o
                0x08001be4                HAL_DMA_Abort_IT
 .text.HAL_DMA_IRQHandler
                0x08001c28      0x314 ./Drivers/STM32F4xx_HAL_Driver/Src/stm32f4xx_hal_dma.o
                0x08001c28                HAL_DMA_IRQHandler
 .text.HAL_DMA_GetState
                0x08001f3c       0x1c ./Drivers/STM32F4xx_HAL_Driver/Src/stm32f4xx_hal_dma.o
                0x08001f3c                HAL_DMA_GetState
 .text.DMA_CalcBaseAndBitshift
                0x08001f58       0x6c ./Drivers/STM32F4xx_HAL_Driver/Src/stm32f4xx_hal_dma.o
 .text.DMA_CheckFifoParam
                0x08001fc4       0xf8 ./Drivers/STM32F4xx_HAL_Driver/Src/stm32f4xx_hal_dma.o
 .text.HAL_GPIO_Init
                0x080020bc      0x358 ./Drivers/STM32F4xx_HAL_Driver/Src/stm32f4xx_hal_gpio.o
                0x080020bc                HAL_GPIO_Init
 .text.HAL_I2C_Init
                0x08002414      0x288 ./Drivers/STM32F4xx_HAL_Driver/Src/stm32f4xx_hal_i2c.o
                0x08002414                HAL_I2C_Init
 .text.I2C_Flush_DR
                0x0800269c       0x2a ./Drivers/STM32F4xx_HAL_Driver/Src/stm32f4xx_hal_i2c.o
 .text.HAL_I2C_EV_IRQHandler
                0x080026c6      0x2a6 ./Drivers/STM32F4xx_HAL_Driver/Src/stm32f4xx_hal_i2c.o
                0x080026c6                HAL_I2C_EV_IRQHandler
 .text.HAL_I2C_ER_IRQHandler
                0x0800296c      0x13e ./Drivers/STM32F4xx_HAL_Driver/Src/stm32f4xx_hal_i2c.o
                0x0800296c                HAL_I2C_ER_IRQHandler
 .text.HAL_I2C_MasterTxCpltCallback
                0x08002aaa       0x14 ./Drivers/STM32F4xx_HAL_Driver/Src/stm32f4xx_hal_i2c.o
                0x08002aaa                HAL_I2C_MasterTxCpltCallback
 .text.HAL_I2C_SlaveTxCpltCallback
                0x08002abe       0x14 ./Drivers/STM32F4xx_HAL_Driver/Src/stm32f4xx_hal_i2c.o
                0x08002abe                HAL_I2C_SlaveTxCpltCallback
 .text.HAL_I2C_SlaveRxCpltCallback
                0x08002ad2       0x14 ./Drivers/STM32F4xx_HAL_Driver/Src/stm32f4xx_hal_i2c.o
                0x08002ad2                HAL_I2C_SlaveRxCpltCallback
 .text.HAL_I2C_AddrCallback
                0x08002ae6       0x1c ./Drivers/STM32F4xx_HAL_Driver/Src/stm32f4xx_hal_i2c.o
                0x08002ae6                HAL_I2C_AddrCallback
 .text.HAL_I2C_ListenCpltCallback
                0x08002b02       0x14 ./Drivers/STM32F4xx_HAL_Driver/Src/stm32f4xx_hal_i2c.o
                0x08002b02                HAL_I2C_ListenCpltCallback
 .text.HAL_I2C_MemTxCpltCallback
                0x08002b16       0x14 ./Drivers/STM32F4xx_HAL_Driver/Src/stm32f4xx_hal_i2c.o
                0x08002b16                HAL_I2C_MemTxCpltCallback
 .text.HAL_I2C_MemRxCpltCallback
                0x08002b2a       0x14 ./Drivers/STM32F4xx_HAL_Driver/Src/stm32f4xx_hal_i2c.o
                0x08002b2a                HAL_I2C_MemRxCpltCallback
 .text.HAL_I2C_ErrorCallback
                0x08002b3e       0x14 ./Drivers/STM32F4xx_HAL_Driver/Src/stm32f4xx_hal_i2c.o
                0x08002b3e                HAL_I2C_ErrorCallback
 .text.HAL_I2C_AbortCpltCallback
                0x08002b52       0x14 ./Drivers/STM32F4xx_HAL_Driver/Src/stm32f4xx_hal_i2c.o
                0x08002b52                HAL_I2C_AbortCpltCallback
 .text.I2C_MasterTransmit_TXE
                0x08002b66      0x138 ./Drivers/STM32F4xx_HAL_Driver/Src/stm32f4xx_hal_i2c.o
 .text.I2C_MasterTransmit_BTF
                0x08002c9e       0xec ./Drivers/STM32F4xx_HAL_Driver/Src/stm32f4xx_hal_i2c.o
 .text.I2C_MemoryTransmit_TXE_BTF
                0x08002d8a      0x130 ./Drivers/STM32F4xx_HAL_Driver/Src/stm32f4xx_hal_i2c.o
 .text.I2C_MasterReceive_RXNE
                0x08002eba      0x190 ./Drivers/STM32F4xx_HAL_Driver/Src/stm32f4xx_hal_i2c.o
 .text.I2C_MasterReceive_BTF
                0x0800304a      0x1e2 ./Drivers/STM32F4xx_HAL_Driver/Src/stm32f4xx_hal_i2c.o
 .text.I2C_Master_SB
                0x0800322c      0x10c ./Drivers/STM32F4xx_HAL_Driver/Src/stm32f4xx_hal_i2c.o
 .text.I2C_Master_ADD10
                0x08003338       0x54 ./Drivers/STM32F4xx_HAL_Driver/Src/stm32f4xx_hal_i2c.o
 .text.I2C_Master_ADDR
                0x0800338c      0x322 ./Drivers/STM32F4xx_HAL_Driver/Src/stm32f4xx_hal_i2c.o
 .text.I2C_SlaveTransmit_TXE
                0x080036ae       0x7a ./Drivers/STM32F4xx_HAL_Driver/Src/stm32f4xx_hal_i2c.o
 .text.I2C_SlaveTransmit_BTF
                0x08003728       0x42 ./Drivers/STM32F4xx_HAL_Driver/Src/stm32f4xx_hal_i2c.o
 .text.I2C_SlaveReceive_RXNE
                0x0800376a       0x7c ./Drivers/STM32F4xx_HAL_Driver/Src/stm32f4xx_hal_i2c.o
 .text.I2C_SlaveReceive_BTF
                0x080037e6       0x44 ./Drivers/STM32F4xx_HAL_Driver/Src/stm32f4xx_hal_i2c.o
 .text.I2C_Slave_ADDR
                0x0800382a       0x90 ./Drivers/STM32F4xx_HAL_Driver/Src/stm32f4xx_hal_i2c.o
 *fill*         0x080038ba        0x2 
 .text.I2C_Slave_STOPF
                0x080038bc      0x260 ./Drivers/STM32F4xx_HAL_Driver/Src/stm32f4xx_hal_i2c.o
 .text.I2C_Slave_AF
                0x08003b1c       0xe8 ./Drivers/STM32F4xx_HAL_Driver/Src/stm32f4xx_hal_i2c.o
 .text.I2C_ITError
                0x08003c04      0x264 ./Drivers/STM32F4xx_HAL_Driver/Src/stm32f4xx_hal_i2c.o
 .text.I2C_DMAAbort
                0x08003e68      0x150 ./Drivers/STM32F4xx_HAL_Driver/Src/stm32f4xx_hal_i2c.o
 .text.I2C_WaitOnSTOPRequestThroughIT
                0x08003fb8       0x64 ./Drivers/STM32F4xx_HAL_Driver/Src/stm32f4xx_hal_i2c.o
 .text.I2C_ConvertOtherXferOptions
                0x0800401c       0x36 ./Drivers/STM32F4xx_HAL_Driver/Src/stm32f4xx_hal_i2c.o
 .text.HAL_I2CEx_ConfigAnalogFilter
                0x08004052       0x78 ./Drivers/STM32F4xx_HAL_Driver/Src/stm32f4xx_hal_i2c_ex.o
                0x08004052                HAL_I2CEx_ConfigAnalogFilter
 .text.HAL_I2CEx_ConfigDigitalFilter
                0x080040ca       0x7e ./Drivers/STM32F4xx_HAL_Driver/Src/stm32f4xx_hal_i2c_ex.o
                0x080040ca                HAL_I2CEx_ConfigDigitalFilter
 .text.HAL_PWREx_EnableOverDrive
                0x08004148       0xa0 ./Drivers/STM32F4xx_HAL_Driver/Src/stm32f4xx_hal_pwr_ex.o
                0x08004148                HAL_PWREx_EnableOverDrive
 .text.HAL_RCC_OscConfig
                0x080041e8      0x4f0 ./Drivers/STM32F4xx_HAL_Driver/Src/stm32f4xx_hal_rcc.o
                0x080041e8                HAL_RCC_OscConfig
 .text.HAL_RCC_ClockConfig
                0x080046d8      0x1cc ./Drivers/STM32F4xx_HAL_Driver/Src/stm32f4xx_hal_rcc.o
                0x080046d8                HAL_RCC_ClockConfig
 .text.HAL_RCC_GetSysClockFreq
                0x080048a4      0x18c ./Drivers/STM32F4xx_HAL_Driver/Src/stm32f4xx_hal_rcc.o
                0x080048a4                HAL_RCC_GetSysClockFreq
 .text.HAL_RCC_GetHCLKFreq
                0x08004a30       0x18 ./Drivers/STM32F4xx_HAL_Driver/Src/stm32f4xx_hal_rcc.o
                0x08004a30                HAL_RCC_GetHCLKFreq
 .text.HAL_RCC_GetPCLK1Freq
                0x08004a48       0x28 ./Drivers/STM32F4xx_HAL_Driver/Src/stm32f4xx_hal_rcc.o
                0x08004a48                HAL_RCC_GetPCLK1Freq
 .text.HAL_RCC_GetPCLK2Freq
                0x08004a70       0x28 ./Drivers/STM32F4xx_HAL_Driver/Src/stm32f4xx_hal_rcc.o
                0x08004a70                HAL_RCC_GetPCLK2Freq
 .text.HAL_TIM_Base_Init
                0x08004a98       0x9e ./Drivers/STM32F4xx_HAL_Driver/Src/stm32f4xx_hal_tim.o
                0x08004a98                HAL_TIM_Base_Init
 .text.HAL_TIM_PWM_Init
                0x08004b36       0x9e ./Drivers/STM32F4xx_HAL_Driver/Src/stm32f4xx_hal_tim.o
                0x08004b36                HAL_TIM_PWM_Init
 .text.HAL_TIM_PWM_MspInit
                0x08004bd4       0x14 ./Drivers/STM32F4xx_HAL_Driver/Src/stm32f4xx_hal_tim.o
                0x08004bd4                HAL_TIM_PWM_MspInit
 .text.HAL_TIM_PWM_Start
                0x08004be8      0x190 ./Drivers/STM32F4xx_HAL_Driver/Src/stm32f4xx_hal_tim.o
                0x08004be8                HAL_TIM_PWM_Start
 .text.HAL_TIM_PWM_Stop
                0x08004d78       0xe0 ./Drivers/STM32F4xx_HAL_Driver/Src/stm32f4xx_hal_tim.o
                0x08004d78                HAL_TIM_PWM_Stop
 .text.HAL_TIM_PWM_ConfigChannel
                0x08004e58      0x184 ./Drivers/STM32F4xx_HAL_Driver/Src/stm32f4xx_hal_tim.o
                0x08004e58                HAL_TIM_PWM_ConfigChannel
 .text.HAL_TIM_ConfigClockSource
                0x08004fdc      0x18e ./Drivers/STM32F4xx_HAL_Driver/Src/stm32f4xx_hal_tim.o
                0x08004fdc                HAL_TIM_ConfigClockSource
 *fill*         0x0800516a        0x2 
 .text.TIM_Base_SetConfig
                0x0800516c      0x14c ./Drivers/STM32F4xx_HAL_Driver/Src/stm32f4xx_hal_tim.o
                0x0800516c                TIM_Base_SetConfig
 .text.TIM_OC1_SetConfig
                0x080052b8       0xe0 ./Drivers/STM32F4xx_HAL_Driver/Src/stm32f4xx_hal_tim.o
 .text.TIM_OC2_SetConfig
                0x08005398       0xec ./Drivers/STM32F4xx_HAL_Driver/Src/stm32f4xx_hal_tim.o
                0x08005398                TIM_OC2_SetConfig
 .text.TIM_OC3_SetConfig
                0x08005484       0xe8 ./Drivers/STM32F4xx_HAL_Driver/Src/stm32f4xx_hal_tim.o
 .text.TIM_OC4_SetConfig
                0x0800556c       0xac ./Drivers/STM32F4xx_HAL_Driver/Src/stm32f4xx_hal_tim.o
 .text.TIM_TI1_ConfigInputStage
                0x08005618       0x5e ./Drivers/STM32F4xx_HAL_Driver/Src/stm32f4xx_hal_tim.o
 .text.TIM_TI2_ConfigInputStage
                0x08005676       0x60 ./Drivers/STM32F4xx_HAL_Driver/Src/stm32f4xx_hal_tim.o
 .text.TIM_ITRx_SetConfig
                0x080056d6       0x36 ./Drivers/STM32F4xx_HAL_Driver/Src/stm32f4xx_hal_tim.o
 .text.TIM_ETR_SetConfig
                0x0800570c       0x40 ./Drivers/STM32F4xx_HAL_Driver/Src/stm32f4xx_hal_tim.o
                0x0800570c                TIM_ETR_SetConfig
 .text.TIM_CCxChannelCmd
                0x0800574c       0x4a ./Drivers/STM32F4xx_HAL_Driver/Src/stm32f4xx_hal_tim.o
                0x0800574c                TIM_CCxChannelCmd
 *fill*         0x08005796        0x2 
 .text.HAL_TIMEx_MasterConfigSynchronization
                0x08005798       0xf8 ./Drivers/STM32F4xx_HAL_Driver/Src/stm32f4xx_hal_tim_ex.o
                0x08005798                HAL_TIMEx_MasterConfigSynchronization
 .text.HAL_UART_Init
                0x08005890       0xa0 ./Drivers/STM32F4xx_HAL_Driver/Src/stm32f4xx_hal_uart.o
                0x08005890                HAL_UART_Init
 .text.HAL_UART_Receive_IT
                0x08005930       0x4a ./Drivers/STM32F4xx_HAL_Driver/Src/stm32f4xx_hal_uart.o
                0x08005930                HAL_UART_Receive_IT
 *fill*         0x0800597a        0x2 
 .text.HAL_UART_IRQHandler
                0x0800597c      0x554 ./Drivers/STM32F4xx_HAL_Driver/Src/stm32f4xx_hal_uart.o
                0x0800597c                HAL_UART_IRQHandler
 .text.HAL_UART_TxCpltCallback
                0x08005ed0       0x14 ./Drivers/STM32F4xx_HAL_Driver/Src/stm32f4xx_hal_uart.o
                0x08005ed0                HAL_UART_TxCpltCallback
 .text.HAL_UART_ErrorCallback
                0x08005ee4       0x14 ./Drivers/STM32F4xx_HAL_Driver/Src/stm32f4xx_hal_uart.o
                0x08005ee4                HAL_UART_ErrorCallback
 .text.HAL_UARTEx_RxEventCallback
                0x08005ef8       0x18 ./Drivers/STM32F4xx_HAL_Driver/Src/stm32f4xx_hal_uart.o
                0x08005ef8                HAL_UARTEx_RxEventCallback
 .text.UART_Start_Receive_IT
                0x08005f10       0x74 ./Drivers/STM32F4xx_HAL_Driver/Src/stm32f4xx_hal_uart.o
                0x08005f10                UART_Start_Receive_IT
 .text.UART_EndRxTransfer
                0x08005f84       0xc6 ./Drivers/STM32F4xx_HAL_Driver/Src/stm32f4xx_hal_uart.o
 .text.UART_DMAAbortOnError
                0x0800604a       0x22 ./Drivers/STM32F4xx_HAL_Driver/Src/stm32f4xx_hal_uart.o
 .text.UART_Transmit_IT
                0x0800606c       0xa0 ./Drivers/STM32F4xx_HAL_Driver/Src/stm32f4xx_hal_uart.o
 .text.UART_EndTransmit_IT
                0x0800610c       0x30 ./Drivers/STM32F4xx_HAL_Driver/Src/stm32f4xx_hal_uart.o
 .text.UART_Receive_IT
                0x0800613c      0x17c ./Drivers/STM32F4xx_HAL_Driver/Src/stm32f4xx_hal_uart.o
 .text.UART_SetConfig
                0x080062b8      0x4e8 ./Drivers/STM32F4xx_HAL_Driver/Src/stm32f4xx_hal_uart.o
 .text.atoi     0x080067a0        0x8 /Applications/STM32CubeIDE.app/Contents/Eclipse/plugins/com.st.stm32cube.ide.mcu.externaltools.gnu-tools-for-stm32.12.3.rel1.macos64_1.1.0.202410301201/tools/bin/../lib/gcc/arm-none-eabi/12.3.1/../../../../arm-none-eabi/lib/thumb/v7e-m+fp/hard/libc_nano.a(libc_a-atoi.o)
                0x080067a0                atoi
 .text._strtol_l.constprop.0
                0x080067a8       0xf4 /Applications/STM32CubeIDE.app/Contents/Eclipse/plugins/com.st.stm32cube.ide.mcu.externaltools.gnu-tools-for-stm32.12.3.rel1.macos64_1.1.0.202410301201/tools/bin/../lib/gcc/arm-none-eabi/12.3.1/../../../../arm-none-eabi/lib/thumb/v7e-m+fp/hard/libc_nano.a(libc_a-strtol.o)
 .text.strtol   0x0800689c       0x14 /Applications/STM32CubeIDE.app/Contents/Eclipse/plugins/com.st.stm32cube.ide.mcu.externaltools.gnu-tools-for-stm32.12.3.rel1.macos64_1.1.0.202410301201/tools/bin/../lib/gcc/arm-none-eabi/12.3.1/../../../../arm-none-eabi/lib/thumb/v7e-m+fp/hard/libc_nano.a(libc_a-strtol.o)
                0x0800689c                strtol
 .text.memset   0x080068b0       0x10 /Applications/STM32CubeIDE.app/Contents/Eclipse/plugins/com.st.stm32cube.ide.mcu.externaltools.gnu-tools-for-stm32.12.3.rel1.macos64_1.1.0.202410301201/tools/bin/../lib/gcc/arm-none-eabi/12.3.1/../../../../arm-none-eabi/lib/thumb/v7e-m+fp/hard/libc_nano.a(libc_a-memset.o)
                0x080068b0                memset
 .text.__errno  0x080068c0        0xc /Applications/STM32CubeIDE.app/Contents/Eclipse/plugins/com.st.stm32cube.ide.mcu.externaltools.gnu-tools-for-stm32.12.3.rel1.macos64_1.1.0.202410301201/tools/bin/../lib/gcc/arm-none-eabi/12.3.1/../../../../arm-none-eabi/lib/thumb/v7e-m+fp/hard/libc_nano.a(libc_a-errno.o)
                0x080068c0                __errno
 .text.__libc_init_array
                0x080068cc       0x48 /Applications/STM32CubeIDE.app/Contents/Eclipse/plugins/com.st.stm32cube.ide.mcu.externaltools.gnu-tools-for-stm32.12.3.rel1.macos64_1.1.0.202410301201/tools/bin/../lib/gcc/arm-none-eabi/12.3.1/../../../../arm-none-eabi/lib/thumb/v7e-m+fp/hard/libc_nano.a(libc_a-init.o)
                0x080068cc                __libc_init_array
 .text.memcpy   0x08006914       0x1c /Applications/STM32CubeIDE.app/Contents/Eclipse/plugins/com.st.stm32cube.ide.mcu.externaltools.gnu-tools-for-stm32.12.3.rel1.macos64_1.1.0.202410301201/tools/bin/../lib/gcc/arm-none-eabi/12.3.1/../../../../arm-none-eabi/lib/thumb/v7e-m+fp/hard/libc_nano.a(libc_a-memcpy-stub.o)
                0x08006914                memcpy
 *(.glue_7)
 .glue_7        0x08006930        0x0 linker stubs
 *(.glue_7t)
 .glue_7t       0x08006930        0x0 linker stubs
 *(.eh_frame)
 .eh_frame      0x08006930        0x0 /Applications/STM32CubeIDE.app/Contents/Eclipse/plugins/com.st.stm32cube.ide.mcu.externaltools.gnu-tools-for-stm32.12.3.rel1.macos64_1.1.0.202410301201/tools/bin/../lib/gcc/arm-none-eabi/12.3.1/thumb/v7e-m+fp/hard/crtbegin.o
 *(.init)
 .init          0x08006930        0x4 /Applications/STM32CubeIDE.app/Contents/Eclipse/plugins/com.st.stm32cube.ide.mcu.externaltools.gnu-tools-for-stm32.12.3.rel1.macos64_1.1.0.202410301201/tools/bin/../lib/gcc/arm-none-eabi/12.3.1/thumb/v7e-m+fp/hard/crti.o
                0x08006930                _init
 .init          0x08006934        0x8 /Applications/STM32CubeIDE.app/Contents/Eclipse/plugins/com.st.stm32cube.ide.mcu.externaltools.gnu-tools-for-stm32.12.3.rel1.macos64_1.1.0.202410301201/tools/bin/../lib/gcc/arm-none-eabi/12.3.1/thumb/v7e-m+fp/hard/crtn.o
 *(.fini)
 .fini          0x0800693c        0x4 /Applications/STM32CubeIDE.app/Contents/Eclipse/plugins/com.st.stm32cube.ide.mcu.externaltools.gnu-tools-for-stm32.12.3.rel1.macos64_1.1.0.202410301201/tools/bin/../lib/gcc/arm-none-eabi/12.3.1/thumb/v7e-m+fp/hard/crti.o
                0x0800693c                _fini
 .fini          0x08006940        0x8 /Applications/STM32CubeIDE.app/Contents/Eclipse/plugins/com.st.stm32cube.ide.mcu.externaltools.gnu-tools-for-stm32.12.3.rel1.macos64_1.1.0.202410301201/tools/bin/../lib/gcc/arm-none-eabi/12.3.1/thumb/v7e-m+fp/hard/crtn.o
                0x08006948                        . = ALIGN (0x4)
                0x08006948                        _etext = .

.vfp11_veneer   0x08006948        0x0
 .vfp11_veneer  0x08006948        0x0 linker stubs

.v4_bx          0x08006948        0x0
 .v4_bx         0x08006948        0x0 linker stubs

.iplt           0x08006948        0x0
 .iplt          0x08006948        0x0 /Applications/STM32CubeIDE.app/Contents/Eclipse/plugins/com.st.stm32cube.ide.mcu.externaltools.gnu-tools-for-stm32.12.3.rel1.macos64_1.1.0.202410301201/tools/bin/../lib/gcc/arm-none-eabi/12.3.1/thumb/v7e-m+fp/hard/crtbegin.o

.rodata         0x08006948      0x124
                0x08006948                        . = ALIGN (0x4)
 *(.rodata)
 *(.rodata*)
 .rodata.AHBPrescTable
                0x08006948       0x10 ./Core/Src/system_stm32f4xx.o
                0x08006948                AHBPrescTable
 .rodata.APBPrescTable
                0x08006958        0x8 ./Core/Src/system_stm32f4xx.o
                0x08006958                APBPrescTable
 .rodata.flagBitshiftOffset.0
                0x08006960        0x8 ./Drivers/STM32F4xx_HAL_Driver/Src/stm32f4xx_hal_dma.o
 .rodata._ctype_
                0x08006968      0x101 /Applications/STM32CubeIDE.app/Contents/Eclipse/plugins/com.st.stm32cube.ide.mcu.externaltools.gnu-tools-for-stm32.12.3.rel1.macos64_1.1.0.202410301201/tools/bin/../lib/gcc/arm-none-eabi/12.3.1/../../../../arm-none-eabi/lib/thumb/v7e-m+fp/hard/libc_nano.a(libc_a-ctype_.o)
                0x08006968                _ctype_
                0x08006a6c                        . = ALIGN (0x4)
 *fill*         0x08006a69        0x3 

.ARM.extab      0x08006a6c        0x0
                0x08006a6c                        . = ALIGN (0x4)
 *(.ARM.extab* .gnu.linkonce.armextab.*)
                0x08006a6c                        . = ALIGN (0x4)

.ARM            0x08006a6c        0x8
                0x08006a6c                        . = ALIGN (0x4)
                0x08006a6c                        __exidx_start = .
 *(.ARM.exidx*)
 .ARM.exidx     0x08006a6c        0x8 /Applications/STM32CubeIDE.app/Contents/Eclipse/plugins/com.st.stm32cube.ide.mcu.externaltools.gnu-tools-for-stm32.12.3.rel1.macos64_1.1.0.202410301201/tools/bin/../lib/gcc/arm-none-eabi/12.3.1/thumb/v7e-m+fp/hard/libgcc.a(_udivmoddi4.o)
                0x08006a74                        __exidx_end = .
                0x08006a74                        . = ALIGN (0x4)

.preinit_array  0x08006a74        0x0
                0x08006a74                        . = ALIGN (0x4)
                0x08006a74                        PROVIDE (__preinit_array_start = .)
 *(.preinit_array*)
                0x08006a74                        PROVIDE (__preinit_array_end = .)
                0x08006a74                        . = ALIGN (0x4)

.init_array     0x08006a74        0x4
                0x08006a74                        . = ALIGN (0x4)
                0x08006a74                        PROVIDE (__init_array_start = .)
 *(SORT_BY_NAME(.init_array.*))
 *(.init_array*)
 .init_array    0x08006a74        0x4 /Applications/STM32CubeIDE.app/Contents/Eclipse/plugins/com.st.stm32cube.ide.mcu.externaltools.gnu-tools-for-stm32.12.3.rel1.macos64_1.1.0.202410301201/tools/bin/../lib/gcc/arm-none-eabi/12.3.1/thumb/v7e-m+fp/hard/crtbegin.o
                0x08006a78                        PROVIDE (__init_array_end = .)
                0x08006a78                        . = ALIGN (0x4)

.fini_array     0x08006a78        0x4
                0x08006a78                        . = ALIGN (0x4)
                [!provide]                        PROVIDE (__fini_array_start = .)
 *(SORT_BY_NAME(.fini_array.*))
 *(.fini_array*)
 .fini_array    0x08006a78        0x4 /Applications/STM32CubeIDE.app/Contents/Eclipse/plugins/com.st.stm32cube.ide.mcu.externaltools.gnu-tools-for-stm32.12.3.rel1.macos64_1.1.0.202410301201/tools/bin/../lib/gcc/arm-none-eabi/12.3.1/thumb/v7e-m+fp/hard/crtbegin.o
                [!provide]                        PROVIDE (__fini_array_end = .)
                0x08006a7c                        . = ALIGN (0x4)
                0x08006a7c                        _sidata = LOADADDR (.data)

.rel.dyn        0x08006a7c        0x0
 .rel.iplt      0x08006a7c        0x0 /Applications/STM32CubeIDE.app/Contents/Eclipse/plugins/com.st.stm32cube.ide.mcu.externaltools.gnu-tools-for-stm32.12.3.rel1.macos64_1.1.0.202410301201/tools/bin/../lib/gcc/arm-none-eabi/12.3.1/thumb/v7e-m+fp/hard/crtbegin.o

.data           0x20000000       0x5c load address 0x08006a7c
                0x20000000                        . = ALIGN (0x4)
                0x20000000                        _sdata = .
 *(.data)
 *(.data*)
 .data.SystemCoreClock
                0x20000000        0x4 ./Core/Src/system_stm32f4xx.o
                0x20000000                SystemCoreClock
 .data.uwTickPrio
                0x20000004        0x4 ./Drivers/STM32F4xx_HAL_Driver/Src/stm32f4xx_hal.o
                0x20000004                uwTickPrio
 .data.uwTickFreq
                0x20000008        0x1 ./Drivers/STM32F4xx_HAL_Driver/Src/stm32f4xx_hal.o
                0x20000008                uwTickFreq
 *fill*         0x20000009        0x3 
 .data._impure_ptr
                0x2000000c        0x4 /Applications/STM32CubeIDE.app/Contents/Eclipse/plugins/com.st.stm32cube.ide.mcu.externaltools.gnu-tools-for-stm32.12.3.rel1.macos64_1.1.0.202410301201/tools/bin/../lib/gcc/arm-none-eabi/12.3.1/../../../../arm-none-eabi/lib/thumb/v7e-m+fp/hard/libc_nano.a(libc_a-impure.o)
                0x2000000c                _impure_ptr
 .data._impure_data
                0x20000010       0x4c /Applications/STM32CubeIDE.app/Contents/Eclipse/plugins/com.st.stm32cube.ide.mcu.externaltools.gnu-tools-for-stm32.12.3.rel1.macos64_1.1.0.202410301201/tools/bin/../lib/gcc/arm-none-eabi/12.3.1/../../../../arm-none-eabi/lib/thumb/v7e-m+fp/hard/libc_nano.a(libc_a-impure.o)
                0x20000010                _impure_data
 *(.RamFunc)
 *(.RamFunc*)
                0x2000005c                        . = ALIGN (0x4)
                0x2000005c                        _edata = .
                0x08006ad8                        _siccmram = LOADADDR (.ccmram)

.igot.plt       0x2000005c        0x0 load address 0x08006ad8
 .igot.plt      0x2000005c        0x0 /Applications/STM32CubeIDE.app/Contents/Eclipse/plugins/com.st.stm32cube.ide.mcu.externaltools.gnu-tools-for-stm32.12.3.rel1.macos64_1.1.0.202410301201/tools/bin/../lib/gcc/arm-none-eabi/12.3.1/thumb/v7e-m+fp/hard/crtbegin.o

.ccmram         0x10000000        0x0 load address 0x08006ad8
                0x10000000                        . = ALIGN (0x4)
                0x10000000                        _sccmram = .
 *(.ccmram)
 *(.ccmram*)
                0x10000000                        . = ALIGN (0x4)
                0x10000000                        _eccmram = .
                0x10000000                        . = ALIGN (0x4)

.bss            0x2000005c      0x34c
                0x2000005c                        _sbss = .
                0x2000005c                        __bss_start__ = _sbss
 *(.bss)
 .bss           0x2000005c       0x1c /Applications/STM32CubeIDE.app/Contents/Eclipse/plugins/com.st.stm32cube.ide.mcu.externaltools.gnu-tools-for-stm32.12.3.rel1.macos64_1.1.0.202410301201/tools/bin/../lib/gcc/arm-none-eabi/12.3.1/thumb/v7e-m+fp/hard/crtbegin.o
 *(.bss*)
 .bss.rxBuffer  0x20000078        0x6 ./Core/Src/BLE/BLE.o
                0x20000078                rxBuffer
 .bss.rxIndex   0x2000007e        0x1 ./Core/Src/BLE/BLE.o
                0x2000007e                rxIndex
 .bss.i2c_done  0x2000007f        0x1 ./Core/Src/IMU/IMU.o
                0x2000007f                i2c_done
 .bss.hi2c1     0x20000080       0x54 ./Core/Src/i2c.o
                0x20000080                hi2c1
 .bss.hdma_i2c1_tx
                0x200000d4       0x60 ./Core/Src/i2c.o
                0x200000d4                hdma_i2c1_tx
 .bss.hdma_i2c1_rx
                0x20000134       0x60 ./Core/Src/i2c.o
                0x20000134                hdma_i2c1_rx
 .bss.htim3     0x20000194       0x48 ./Core/Src/tim.o
                0x20000194                htim3
 .bss.htim4     0x200001dc       0x48 ./Core/Src/tim.o
                0x200001dc                htim4
 .bss.huart2    0x20000224       0x48 ./Core/Src/usart.o
                0x20000224                huart2
 .bss.uwTick    0x2000026c        0x4 ./Drivers/STM32F4xx_HAL_Driver/Src/stm32f4xx_hal.o
                0x2000026c                uwTick
 .bss.__sf      0x20000270      0x138 /Applications/STM32CubeIDE.app/Contents/Eclipse/plugins/com.st.stm32cube.ide.mcu.externaltools.gnu-tools-for-stm32.12.3.rel1.macos64_1.1.0.202410301201/tools/bin/../lib/gcc/arm-none-eabi/12.3.1/../../../../arm-none-eabi/lib/thumb/v7e-m+fp/hard/libc_nano.a(libc_a-findfp.o)
                0x20000270                __sf
 *(COMMON)
                0x200003a8                        . = ALIGN (0x4)
                0x200003a8                        _ebss = .
                0x200003a8                        __bss_end__ = _ebss

._user_heap_stack
                0x200003a8      0x600
                0x200003a8                        . = ALIGN (0x8)
                [!provide]                        PROVIDE (end = .)
                0x200003a8                        PROVIDE (_end = .)
                0x200005a8                        . = (. + _Min_Heap_Size)
 *fill*         0x200003a8      0x200 
                0x200009a8                        . = (. + _Min_Stack_Size)
 *fill*         0x200005a8      0x400 
                0x200009a8                        . = ALIGN (0x8)

/DISCARD/
 libc.a(*)
 libm.a(*)
 libgcc.a(*)

.ARM.attributes
                0x00000000       0x30
 *(.ARM.attributes)
 .ARM.attributes
                0x00000000       0x22 /Applications/STM32CubeIDE.app/Contents/Eclipse/plugins/com.st.stm32cube.ide.mcu.externaltools.gnu-tools-for-stm32.12.3.rel1.macos64_1.1.0.202410301201/tools/bin/../lib/gcc/arm-none-eabi/12.3.1/thumb/v7e-m+fp/hard/crti.o
 .ARM.attributes
                0x00000022       0x34 /Applications/STM32CubeIDE.app/Contents/Eclipse/plugins/com.st.stm32cube.ide.mcu.externaltools.gnu-tools-for-stm32.12.3.rel1.macos64_1.1.0.202410301201/tools/bin/../lib/gcc/arm-none-eabi/12.3.1/thumb/v7e-m+fp/hard/crtbegin.o
 .ARM.attributes
                0x00000056       0x34 ./Core/Src/BLE/BLE.o
 .ARM.attributes
                0x0000008a       0x34 ./Core/Src/BLE/BLE_Commands.o
 .ARM.attributes
                0x000000be       0x34 ./Core/Src/IMU/IMU.o
 .ARM.attributes
                0x000000f2       0x34 ./Core/Src/Motor/motor.o
 .ARM.attributes
                0x00000126       0x34 ./Core/Src/Servo/Servo.o
 .ARM.attributes
                0x0000015a       0x34 ./Core/Src/dma.o
 .ARM.attributes
                0x0000018e       0x34 ./Core/Src/gpio.o
 .ARM.attributes
                0x000001c2       0x34 ./Core/Src/i2c.o
 .ARM.attributes
                0x000001f6       0x34 ./Core/Src/main.o
 .ARM.attributes
                0x0000022a       0x34 ./Core/Src/stm32f4xx_hal_msp.o
 .ARM.attributes
                0x0000025e       0x34 ./Core/Src/stm32f4xx_it.o
 .ARM.attributes
                0x00000292       0x34 ./Core/Src/system_stm32f4xx.o
 .ARM.attributes
                0x000002c6       0x34 ./Core/Src/tim.o
 .ARM.attributes
                0x000002fa       0x34 ./Core/Src/usart.o
 .ARM.attributes
                0x0000032e       0x21 ./Core/Startup/startup_stm32f429zitx.o
 .ARM.attributes
                0x0000034f       0x34 ./Drivers/STM32F4xx_HAL_Driver/Src/stm32f4xx_hal.o
 .ARM.attributes
                0x00000383       0x34 ./Drivers/STM32F4xx_HAL_Driver/Src/stm32f4xx_hal_cortex.o
 .ARM.attributes
                0x000003b7       0x34 ./Drivers/STM32F4xx_HAL_Driver/Src/stm32f4xx_hal_dma.o
 .ARM.attributes
                0x000003eb       0x34 ./Drivers/STM32F4xx_HAL_Driver/Src/stm32f4xx_hal_gpio.o
 .ARM.attributes
                0x0000041f       0x34 ./Drivers/STM32F4xx_HAL_Driver/Src/stm32f4xx_hal_i2c.o
 .ARM.attributes
                0x00000453       0x34 ./Drivers/STM32F4xx_HAL_Driver/Src/stm32f4xx_hal_i2c_ex.o
 .ARM.attributes
                0x00000487       0x34 ./Drivers/STM32F4xx_HAL_Driver/Src/stm32f4xx_hal_pwr_ex.o
 .ARM.attributes
                0x000004bb       0x34 ./Drivers/STM32F4xx_HAL_Driver/Src/stm32f4xx_hal_rcc.o
 .ARM.attributes
                0x000004ef       0x34 ./Drivers/STM32F4xx_HAL_Driver/Src/stm32f4xx_hal_tim.o
 .ARM.attributes
                0x00000523       0x34 ./Drivers/STM32F4xx_HAL_Driver/Src/stm32f4xx_hal_tim_ex.o
 .ARM.attributes
                0x00000557       0x34 ./Drivers/STM32F4xx_HAL_Driver/Src/stm32f4xx_hal_uart.o
 .ARM.attributes
                0x0000058b       0x34 /Applications/STM32CubeIDE.app/Contents/Eclipse/plugins/com.st.stm32cube.ide.mcu.externaltools.gnu-tools-for-stm32.12.3.rel1.macos64_1.1.0.202410301201/tools/bin/../lib/gcc/arm-none-eabi/12.3.1/../../../../arm-none-eabi/lib/thumb/v7e-m+fp/hard/libc_nano.a(libc_a-atoi.o)
 .ARM.attributes
                0x000005bf       0x34 /Applications/STM32CubeIDE.app/Contents/Eclipse/plugins/com.st.stm32cube.ide.mcu.externaltools.gnu-tools-for-stm32.12.3.rel1.macos64_1.1.0.202410301201/tools/bin/../lib/gcc/arm-none-eabi/12.3.1/../../../../arm-none-eabi/lib/thumb/v7e-m+fp/hard/libc_nano.a(libc_a-findfp.o)
 .ARM.attributes
                0x000005f3       0x34 /Applications/STM32CubeIDE.app/Contents/Eclipse/plugins/com.st.stm32cube.ide.mcu.externaltools.gnu-tools-for-stm32.12.3.rel1.macos64_1.1.0.202410301201/tools/bin/../lib/gcc/arm-none-eabi/12.3.1/../../../../arm-none-eabi/lib/thumb/v7e-m+fp/hard/libc_nano.a(libc_a-strtol.o)
 .ARM.attributes
                0x00000627       0x34 /Applications/STM32CubeIDE.app/Contents/Eclipse/plugins/com.st.stm32cube.ide.mcu.externaltools.gnu-tools-for-stm32.12.3.rel1.macos64_1.1.0.202410301201/tools/bin/../lib/gcc/arm-none-eabi/12.3.1/../../../../arm-none-eabi/lib/thumb/v7e-m+fp/hard/libc_nano.a(libc_a-memset.o)
 .ARM.attributes
                0x0000065b       0x34 /Applications/STM32CubeIDE.app/Contents/Eclipse/plugins/com.st.stm32cube.ide.mcu.externaltools.gnu-tools-for-stm32.12.3.rel1.macos64_1.1.0.202410301201/tools/bin/../lib/gcc/arm-none-eabi/12.3.1/../../../../arm-none-eabi/lib/thumb/v7e-m+fp/hard/libc_nano.a(libc_a-impure.o)
 .ARM.attributes
                0x0000068f       0x34 /Applications/STM32CubeIDE.app/Contents/Eclipse/plugins/com.st.stm32cube.ide.mcu.externaltools.gnu-tools-for-stm32.12.3.rel1.macos64_1.1.0.202410301201/tools/bin/../lib/gcc/arm-none-eabi/12.3.1/../../../../arm-none-eabi/lib/thumb/v7e-m+fp/hard/libc_nano.a(libc_a-errno.o)
 .ARM.attributes
                0x000006c3       0x34 /Applications/STM32CubeIDE.app/Contents/Eclipse/plugins/com.st.stm32cube.ide.mcu.externaltools.gnu-tools-for-stm32.12.3.rel1.macos64_1.1.0.202410301201/tools/bin/../lib/gcc/arm-none-eabi/12.3.1/../../../../arm-none-eabi/lib/thumb/v7e-m+fp/hard/libc_nano.a(libc_a-init.o)
 .ARM.attributes
                0x000006f7       0x34 /Applications/STM32CubeIDE.app/Contents/Eclipse/plugins/com.st.stm32cube.ide.mcu.externaltools.gnu-tools-for-stm32.12.3.rel1.macos64_1.1.0.202410301201/tools/bin/../lib/gcc/arm-none-eabi/12.3.1/../../../../arm-none-eabi/lib/thumb/v7e-m+fp/hard/libc_nano.a(libc_a-memcpy-stub.o)
 .ARM.attributes
                0x0000072b       0x34 /Applications/STM32CubeIDE.app/Contents/Eclipse/plugins/com.st.stm32cube.ide.mcu.externaltools.gnu-tools-for-stm32.12.3.rel1.macos64_1.1.0.202410301201/tools/bin/../lib/gcc/arm-none-eabi/12.3.1/../../../../arm-none-eabi/lib/thumb/v7e-m+fp/hard/libc_nano.a(libc_a-ctype_.o)
 .ARM.attributes
                0x0000075f       0x22 /Applications/STM32CubeIDE.app/Contents/Eclipse/plugins/com.st.stm32cube.ide.mcu.externaltools.gnu-tools-for-stm32.12.3.rel1.macos64_1.1.0.202410301201/tools/bin/../lib/gcc/arm-none-eabi/12.3.1/thumb/v7e-m+fp/hard/libgcc.a(_arm_addsubdf3.o)
 .ARM.attributes
                0x00000781       0x22 /Applications/STM32CubeIDE.app/Contents/Eclipse/plugins/com.st.stm32cube.ide.mcu.externaltools.gnu-tools-for-stm32.12.3.rel1.macos64_1.1.0.202410301201/tools/bin/../lib/gcc/arm-none-eabi/12.3.1/thumb/v7e-m+fp/hard/libgcc.a(_arm_cmpdf2.o)
 .ARM.attributes
                0x000007a3       0x22 /Applications/STM32CubeIDE.app/Contents/Eclipse/plugins/com.st.stm32cube.ide.mcu.externaltools.gnu-tools-for-stm32.12.3.rel1.macos64_1.1.0.202410301201/tools/bin/../lib/gcc/arm-none-eabi/12.3.1/thumb/v7e-m+fp/hard/libgcc.a(_aeabi_uldivmod.o)
 .ARM.attributes
                0x000007c5       0x34 /Applications/STM32CubeIDE.app/Contents/Eclipse/plugins/com.st.stm32cube.ide.mcu.externaltools.gnu-tools-for-stm32.12.3.rel1.macos64_1.1.0.202410301201/tools/bin/../lib/gcc/arm-none-eabi/12.3.1/thumb/v7e-m+fp/hard/libgcc.a(_udivmoddi4.o)
 .ARM.attributes
                0x000007f9       0x22 /Applications/STM32CubeIDE.app/Contents/Eclipse/plugins/com.st.stm32cube.ide.mcu.externaltools.gnu-tools-for-stm32.12.3.rel1.macos64_1.1.0.202410301201/tools/bin/../lib/gcc/arm-none-eabi/12.3.1/thumb/v7e-m+fp/hard/libgcc.a(_dvmd_tls.o)
 .ARM.attributes
                0x0000081b       0x22 /Applications/STM32CubeIDE.app/Contents/Eclipse/plugins/com.st.stm32cube.ide.mcu.externaltools.gnu-tools-for-stm32.12.3.rel1.macos64_1.1.0.202410301201/tools/bin/../lib/gcc/arm-none-eabi/12.3.1/thumb/v7e-m+fp/hard/crtn.o
OUTPUT(D4_ABRARACOURCIX.elf elf32-littlearm)
LOAD linker stubs
LOAD /Applications/STM32CubeIDE.app/Contents/Eclipse/plugins/com.st.stm32cube.ide.mcu.externaltools.gnu-tools-for-stm32.12.3.rel1.macos64_1.1.0.202410301201/tools/bin/../lib/gcc/arm-none-eabi/12.3.1/../../../../arm-none-eabi/lib/thumb/v7e-m+fp/hard/libc.a
LOAD /Applications/STM32CubeIDE.app/Contents/Eclipse/plugins/com.st.stm32cube.ide.mcu.externaltools.gnu-tools-for-stm32.12.3.rel1.macos64_1.1.0.202410301201/tools/bin/../lib/gcc/arm-none-eabi/12.3.1/../../../../arm-none-eabi/lib/thumb/v7e-m+fp/hard/libm.a
LOAD /Applications/STM32CubeIDE.app/Contents/Eclipse/plugins/com.st.stm32cube.ide.mcu.externaltools.gnu-tools-for-stm32.12.3.rel1.macos64_1.1.0.202410301201/tools/bin/../lib/gcc/arm-none-eabi/12.3.1/thumb/v7e-m+fp/hard/libgcc.a

.debug_info     0x00000000    0x1325c
 .debug_info    0x00000000      0x6f0 ./Core/Src/BLE/BLE.o
 .debug_info    0x000006f0      0x166 ./Core/Src/BLE/BLE_Commands.o
 .debug_info    0x00000856      0x823 ./Core/Src/IMU/IMU.o
 .debug_info    0x00001079      0x70f ./Core/Src/Motor/motor.o
 .debug_info    0x00001788      0x229 ./Core/Src/Servo/Servo.o
 .debug_info    0x000019b1      0x4fb ./Core/Src/dma.o
 .debug_info    0x00001eac      0x281 ./Core/Src/gpio.o
 .debug_info    0x0000212d      0xcb0 ./Core/Src/i2c.o
 .debug_info    0x00002ddd      0xb9d ./Core/Src/main.o
 .debug_info    0x0000397a      0x281 ./Core/Src/stm32f4xx_hal_msp.o
 .debug_info    0x00003bfb      0x96d ./Core/Src/stm32f4xx_it.o
 .debug_info    0x00004568      0x52e ./Core/Src/system_stm32f4xx.o
 .debug_info    0x00004a96      0xc8a ./Core/Src/tim.o
 .debug_info    0x00005720      0xbdb ./Core/Src/usart.o
 .debug_info    0x000062fb       0x30 ./Core/Startup/startup_stm32f429zitx.o
 .debug_info    0x0000632b      0x9ba ./Drivers/STM32F4xx_HAL_Driver/Src/stm32f4xx_hal.o
 .debug_info    0x00006ce5      0xdc2 ./Drivers/STM32F4xx_HAL_Driver/Src/stm32f4xx_hal_cortex.o
 .debug_info    0x00007aa7      0x8e7 ./Drivers/STM32F4xx_HAL_Driver/Src/stm32f4xx_hal_dma.o
 .debug_info    0x0000838e      0x6db ./Drivers/STM32F4xx_HAL_Driver/Src/stm32f4xx_hal_gpio.o
 .debug_info    0x00008a69     0x2421 ./Drivers/STM32F4xx_HAL_Driver/Src/stm32f4xx_hal_i2c.o
 .debug_info    0x0000ae8a      0x672 ./Drivers/STM32F4xx_HAL_Driver/Src/stm32f4xx_hal_i2c_ex.o
 .debug_info    0x0000b4fc      0x6be ./Drivers/STM32F4xx_HAL_Driver/Src/stm32f4xx_hal_pwr_ex.o
 .debug_info    0x0000bbba      0x8db ./Drivers/STM32F4xx_HAL_Driver/Src/stm32f4xx_hal_rcc.o
 .debug_info    0x0000c495     0x299d ./Drivers/STM32F4xx_HAL_Driver/Src/stm32f4xx_hal_tim.o
 .debug_info    0x0000ee32     0x14db ./Drivers/STM32F4xx_HAL_Driver/Src/stm32f4xx_hal_tim_ex.o
 .debug_info    0x0001030d     0x2f4f ./Drivers/STM32F4xx_HAL_Driver/Src/stm32f4xx_hal_uart.o

.debug_abbrev   0x00000000     0x2f9b
 .debug_abbrev  0x00000000      0x1dc ./Core/Src/BLE/BLE.o
 .debug_abbrev  0x000001dc       0xf7 ./Core/Src/BLE/BLE_Commands.o
 .debug_abbrev  0x000002d3      0x1ec ./Core/Src/IMU/IMU.o
 .debug_abbrev  0x000004bf      0x1a5 ./Core/Src/Motor/motor.o
 .debug_abbrev  0x00000664       0xdd ./Core/Src/Servo/Servo.o
 .debug_abbrev  0x00000741      0x10e ./Core/Src/dma.o
 .debug_abbrev  0x0000084f       0xd8 ./Core/Src/gpio.o
 .debug_abbrev  0x00000927      0x23f ./Core/Src/i2c.o
 .debug_abbrev  0x00000b66      0x252 ./Core/Src/main.o
 .debug_abbrev  0x00000db8       0xd8 ./Core/Src/stm32f4xx_hal_msp.o
 .debug_abbrev  0x00000e90      0x18f ./Core/Src/stm32f4xx_it.o
 .debug_abbrev  0x0000101f      0x11a ./Core/Src/system_stm32f4xx.o
 .debug_abbrev  0x00001139      0x22a ./Core/Src/tim.o
 .debug_abbrev  0x00001363      0x218 ./Core/Src/usart.o
 .debug_abbrev  0x0000157b       0x24 ./Core/Startup/startup_stm32f429zitx.o
 .debug_abbrev  0x0000159f      0x214 ./Drivers/STM32F4xx_HAL_Driver/Src/stm32f4xx_hal.o
 .debug_abbrev  0x000017b3      0x31d ./Drivers/STM32F4xx_HAL_Driver/Src/stm32f4xx_hal_cortex.o
 .debug_abbrev  0x00001ad0      0x264 ./Drivers/STM32F4xx_HAL_Driver/Src/stm32f4xx_hal_dma.o
 .debug_abbrev  0x00001d34      0x1d4 ./Drivers/STM32F4xx_HAL_Driver/Src/stm32f4xx_hal_gpio.o
 .debug_abbrev  0x00001f08      0x2ad ./Drivers/STM32F4xx_HAL_Driver/Src/stm32f4xx_hal_i2c.o
 .debug_abbrev  0x000021b5      0x157 ./Drivers/STM32F4xx_HAL_Driver/Src/stm32f4xx_hal_i2c_ex.o
 .debug_abbrev  0x0000230c      0x1cf ./Drivers/STM32F4xx_HAL_Driver/Src/stm32f4xx_hal_pwr_ex.o
 .debug_abbrev  0x000024db      0x2b7 ./Drivers/STM32F4xx_HAL_Driver/Src/stm32f4xx_hal_rcc.o
 .debug_abbrev  0x00002792      0x278 ./Drivers/STM32F4xx_HAL_Driver/Src/stm32f4xx_hal_tim.o
 .debug_abbrev  0x00002a0a      0x283 ./Drivers/STM32F4xx_HAL_Driver/Src/stm32f4xx_hal_tim_ex.o
 .debug_abbrev  0x00002c8d      0x30e ./Drivers/STM32F4xx_HAL_Driver/Src/stm32f4xx_hal_uart.o

.debug_aranges  0x00000000     0x1100
 .debug_aranges
                0x00000000       0x38 ./Core/Src/BLE/BLE.o
 .debug_aranges
                0x00000038       0x20 ./Core/Src/BLE/BLE_Commands.o
 .debug_aranges
                0x00000058       0x38 ./Core/Src/IMU/IMU.o
 .debug_aranges
                0x00000090       0x30 ./Core/Src/Motor/motor.o
 .debug_aranges
                0x000000c0       0x28 ./Core/Src/Servo/Servo.o
 .debug_aranges
                0x000000e8       0x20 ./Core/Src/dma.o
 .debug_aranges
                0x00000108       0x20 ./Core/Src/gpio.o
 .debug_aranges
                0x00000128       0x30 ./Core/Src/i2c.o
 .debug_aranges
                0x00000158       0x30 ./Core/Src/main.o
 .debug_aranges
                0x00000188       0x20 ./Core/Src/stm32f4xx_hal_msp.o
 .debug_aranges
                0x000001a8       0x88 ./Core/Src/stm32f4xx_it.o
 .debug_aranges
                0x00000230       0x28 ./Core/Src/system_stm32f4xx.o
 .debug_aranges
                0x00000258       0x40 ./Core/Src/tim.o
 .debug_aranges
                0x00000298       0x30 ./Core/Src/usart.o
 .debug_aranges
                0x000002c8       0x28 ./Core/Startup/startup_stm32f429zitx.o
 .debug_aranges
                0x000002f0      0x100 ./Drivers/STM32F4xx_HAL_Driver/Src/stm32f4xx_hal.o
 .debug_aranges
                0x000003f0      0x130 ./Drivers/STM32F4xx_HAL_Driver/Src/stm32f4xx_hal_cortex.o
 .debug_aranges
                0x00000520       0x90 ./Drivers/STM32F4xx_HAL_Driver/Src/stm32f4xx_hal_dma.o
 .debug_aranges
                0x000005b0       0x58 ./Drivers/STM32F4xx_HAL_Driver/Src/stm32f4xx_hal_gpio.o
 .debug_aranges
                0x00000608      0x2a8 ./Drivers/STM32F4xx_HAL_Driver/Src/stm32f4xx_hal_i2c.o
 .debug_aranges
                0x000008b0       0x28 ./Drivers/STM32F4xx_HAL_Driver/Src/stm32f4xx_hal_i2c_ex.o
 .debug_aranges
                0x000008d8       0x60 ./Drivers/STM32F4xx_HAL_Driver/Src/stm32f4xx_hal_pwr_ex.o
 .debug_aranges
                0x00000938       0x88 ./Drivers/STM32F4xx_HAL_Driver/Src/stm32f4xx_hal_rcc.o
 .debug_aranges
                0x000009c0      0x3d0 ./Drivers/STM32F4xx_HAL_Driver/Src/stm32f4xx_hal_tim.o
 .debug_aranges
                0x00000d90      0x168 ./Drivers/STM32F4xx_HAL_Driver/Src/stm32f4xx_hal_tim_ex.o
 .debug_aranges
                0x00000ef8      0x208 ./Drivers/STM32F4xx_HAL_Driver/Src/stm32f4xx_hal_uart.o

.debug_rnglists
                0x00000000      0xd3c
 .debug_rnglists
                0x00000000       0x25 ./Core/Src/BLE/BLE.o
 .debug_rnglists
                0x00000025       0x13 ./Core/Src/BLE/BLE_Commands.o
 .debug_rnglists
                0x00000038       0x27 ./Core/Src/IMU/IMU.o
 .debug_rnglists
                0x0000005f       0x1f ./Core/Src/Motor/motor.o
 .debug_rnglists
                0x0000007e       0x1a ./Core/Src/Servo/Servo.o
 .debug_rnglists
                0x00000098       0x13 ./Core/Src/dma.o
 .debug_rnglists
                0x000000ab       0x13 ./Core/Src/gpio.o
 .debug_rnglists
                0x000000be       0x21 ./Core/Src/i2c.o
 .debug_rnglists
                0x000000df       0x21 ./Core/Src/main.o
 .debug_rnglists
                0x00000100       0x13 ./Core/Src/stm32f4xx_hal_msp.o
 .debug_rnglists
                0x00000113       0x61 ./Core/Src/stm32f4xx_it.o
 .debug_rnglists
                0x00000174       0x1a ./Core/Src/system_stm32f4xx.o
 .debug_rnglists
                0x0000018e       0x2e ./Core/Src/tim.o
 .debug_rnglists
                0x000001bc       0x20 ./Core/Src/usart.o
 .debug_rnglists
                0x000001dc       0x19 ./Core/Startup/startup_stm32f429zitx.o
 .debug_rnglists
                0x000001f5       0xbb ./Drivers/STM32F4xx_HAL_Driver/Src/stm32f4xx_hal.o
 .debug_rnglists
                0x000002b0       0xe0 ./Drivers/STM32F4xx_HAL_Driver/Src/stm32f4xx_hal_cortex.o
 .debug_rnglists
                0x00000390       0x70 ./Drivers/STM32F4xx_HAL_Driver/Src/stm32f4xx_hal_dma.o
 .debug_rnglists
                0x00000400       0x3f ./Drivers/STM32F4xx_HAL_Driver/Src/stm32f4xx_hal_gpio.o
 .debug_rnglists
                0x0000043f      0x23c ./Drivers/STM32F4xx_HAL_Driver/Src/stm32f4xx_hal_i2c.o
 .debug_rnglists
                0x0000067b       0x19 ./Drivers/STM32F4xx_HAL_Driver/Src/stm32f4xx_hal_i2c_ex.o
 .debug_rnglists
                0x00000694       0x47 ./Drivers/STM32F4xx_HAL_Driver/Src/stm32f4xx_hal_pwr_ex.o
 .debug_rnglists
                0x000006db       0x66 ./Drivers/STM32F4xx_HAL_Driver/Src/stm32f4xx_hal_rcc.o
 .debug_rnglists
                0x00000741      0x31a ./Drivers/STM32F4xx_HAL_Driver/Src/stm32f4xx_hal_tim.o
 .debug_rnglists
                0x00000a5b      0x125 ./Drivers/STM32F4xx_HAL_Driver/Src/stm32f4xx_hal_tim_ex.o
 .debug_rnglists
                0x00000b80      0x1bc ./Drivers/STM32F4xx_HAL_Driver/Src/stm32f4xx_hal_uart.o

.debug_macro    0x00000000    0x2527d
 .debug_macro   0x00000000      0x2ec ./Core/Src/BLE/BLE.o
 .debug_macro   0x000002ec      0xab4 ./Core/Src/BLE/BLE.o
 .debug_macro   0x00000da0       0x2e ./Core/Src/BLE/BLE.o
 .debug_macro   0x00000dce       0x28 ./Core/Src/BLE/BLE.o
 .debug_macro   0x00000df6       0x22 ./Core/Src/BLE/BLE.o
 .debug_macro   0x00000e18       0x8e ./Core/Src/BLE/BLE.o
 .debug_macro   0x00000ea6       0x51 ./Core/Src/BLE/BLE.o
 .debug_macro   0x00000ef7      0x103 ./Core/Src/BLE/BLE.o
 .debug_macro   0x00000ffa       0x6a ./Core/Src/BLE/BLE.o
 .debug_macro   0x00001064      0x1df ./Core/Src/BLE/BLE.o
 .debug_macro   0x00001243       0x1c ./Core/Src/BLE/BLE.o
 .debug_macro   0x0000125f       0x22 ./Core/Src/BLE/BLE.o
 .debug_macro   0x00001281       0xfb ./Core/Src/BLE/BLE.o
 .debug_macro   0x0000137c     0x1011 ./Core/Src/BLE/BLE.o
 .debug_macro   0x0000238d      0x11f ./Core/Src/BLE/BLE.o
 .debug_macro   0x000024ac    0x17ff1 ./Core/Src/BLE/BLE.o
 .debug_macro   0x0001a49d       0x6d ./Core/Src/BLE/BLE.o
 .debug_macro   0x0001a50a      0x2a1 ./Core/Src/BLE/BLE.o
 .debug_macro   0x0001a7ab     0x370a ./Core/Src/BLE/BLE.o
 .debug_macro   0x0001deb5      0x189 ./Core/Src/BLE/BLE.o
 .debug_macro   0x0001e03e       0x5c ./Core/Src/BLE/BLE.o
 .debug_macro   0x0001e09a      0xcba ./Core/Src/BLE/BLE.o
 .debug_macro   0x0001ed54      0x9e9 ./Core/Src/BLE/BLE.o
 .debug_macro   0x0001f73d      0x115 ./Core/Src/BLE/BLE.o
 .debug_macro   0x0001f852      0x156 ./Core/Src/BLE/BLE.o
 .debug_macro   0x0001f9a8       0xa5 ./Core/Src/BLE/BLE.o
 .debug_macro   0x0001fa4d      0x182 ./Core/Src/BLE/BLE.o
 .debug_macro   0x0001fbcf      0x287 ./Core/Src/BLE/BLE.o
 .debug_macro   0x0001fe56       0x5f ./Core/Src/BLE/BLE.o
 .debug_macro   0x0001feb5      0x236 ./Core/Src/BLE/BLE.o
 .debug_macro   0x000200eb      0x132 ./Core/Src/BLE/BLE.o
 .debug_macro   0x0002021d      0x41d ./Core/Src/BLE/BLE.o
 .debug_macro   0x0002063a       0x2e ./Core/Src/BLE/BLE.o
 .debug_macro   0x00020668      0x1b5 ./Core/Src/BLE/BLE.o
 .debug_macro   0x0002081d       0x22 ./Core/Src/BLE/BLE.o
 .debug_macro   0x0002083f       0xd6 ./Core/Src/BLE/BLE.o
 .debug_macro   0x00020915      0x127 ./Core/Src/BLE/BLE.o
 .debug_macro   0x00020a3c       0xe2 ./Core/Src/BLE/BLE.o
 .debug_macro   0x00020b1e       0x89 ./Core/Src/BLE/BLE.o
 .debug_macro   0x00020ba7      0x8ed ./Core/Src/BLE/BLE.o
 .debug_macro   0x00021494       0x4d ./Core/Src/BLE/BLE.o
 .debug_macro   0x000214e1      0x2aa ./Core/Src/BLE/BLE.o
 .debug_macro   0x0002178b      0x134 ./Core/Src/BLE/BLE.o
 .debug_macro   0x000218bf       0x2e ./Core/Src/BLE/BLE.o
 .debug_macro   0x000218ed       0x61 ./Core/Src/BLE/BLE.o
 .debug_macro   0x0002194e       0x2a ./Core/Src/BLE/BLE.o
 .debug_macro   0x00021978       0x43 ./Core/Src/BLE/BLE.o
 .debug_macro   0x000219bb       0x34 ./Core/Src/BLE/BLE.o
 .debug_macro   0x000219ef       0x16 ./Core/Src/BLE/BLE.o
 .debug_macro   0x00021a05       0x43 ./Core/Src/BLE/BLE.o
 .debug_macro   0x00021a48       0x34 ./Core/Src/BLE/BLE.o
 .debug_macro   0x00021a7c       0x10 ./Core/Src/BLE/BLE.o
 .debug_macro   0x00021a8c       0x58 ./Core/Src/BLE/BLE.o
 .debug_macro   0x00021ae4       0x8e ./Core/Src/BLE/BLE.o
 .debug_macro   0x00021b72       0x1c ./Core/Src/BLE/BLE.o
 .debug_macro   0x00021b8e      0x177 ./Core/Src/BLE/BLE.o
 .debug_macro   0x00021d05      0x369 ./Core/Src/BLE/BLE.o
 .debug_macro   0x0002206e       0x10 ./Core/Src/BLE/BLE.o
 .debug_macro   0x0002207e       0x35 ./Core/Src/BLE/BLE.o
 .debug_macro   0x000220b3       0x20 ./Core/Src/BLE/BLE.o
 .debug_macro   0x000220d3      0x2f7 ./Core/Src/BLE/BLE_Commands.o
 .debug_macro   0x000223ca       0x16 ./Core/Src/BLE/BLE_Commands.o
 .debug_macro   0x000223e0       0x16 ./Core/Src/BLE/BLE_Commands.o
 .debug_macro   0x000223f6       0x29 ./Core/Src/BLE/BLE_Commands.o
 .debug_macro   0x0002241f       0x16 ./Core/Src/BLE/BLE_Commands.o
 .debug_macro   0x00022435      0x20e ./Core/Src/IMU/IMU.o
 .debug_macro   0x00022643      0x210 ./Core/Src/Motor/motor.o
 .debug_macro   0x00022853      0x200 ./Core/Src/Servo/Servo.o
 .debug_macro   0x00022a53       0x28 ./Core/Src/Servo/Servo.o
 .debug_macro   0x00022a7b      0x200 ./Core/Src/dma.o
 .debug_macro   0x00022c7b      0x200 ./Core/Src/gpio.o
 .debug_macro   0x00022e7b      0x200 ./Core/Src/i2c.o
 .debug_macro   0x0002307b      0x240 ./Core/Src/main.o
 .debug_macro   0x000232bb      0x1f6 ./Core/Src/stm32f4xx_hal_msp.o
 .debug_macro   0x000234b1      0x200 ./Core/Src/stm32f4xx_it.o
 .debug_macro   0x000236b1      0x1e7 ./Core/Src/system_stm32f4xx.o
 .debug_macro   0x00023898      0x200 ./Core/Src/tim.o
 .debug_macro   0x00023a98      0x200 ./Core/Src/usart.o
 .debug_macro   0x00023c98      0x247 ./Drivers/STM32F4xx_HAL_Driver/Src/stm32f4xx_hal.o
 .debug_macro   0x00023edf      0x1e7 ./Drivers/STM32F4xx_HAL_Driver/Src/stm32f4xx_hal_cortex.o
 .debug_macro   0x000240c6      0x1ed ./Drivers/STM32F4xx_HAL_Driver/Src/stm32f4xx_hal_dma.o
 .debug_macro   0x000242b3      0x1ed ./Drivers/STM32F4xx_HAL_Driver/Src/stm32f4xx_hal_gpio.o
 .debug_macro   0x000244a0      0x235 ./Drivers/STM32F4xx_HAL_Driver/Src/stm32f4xx_hal_i2c.o
 .debug_macro   0x000246d5      0x1e7 ./Drivers/STM32F4xx_HAL_Driver/Src/stm32f4xx_hal_i2c_ex.o
 .debug_macro   0x000248bc      0x1ff ./Drivers/STM32F4xx_HAL_Driver/Src/stm32f4xx_hal_pwr_ex.o
 .debug_macro   0x00024abb      0x20b ./Drivers/STM32F4xx_HAL_Driver/Src/stm32f4xx_hal_rcc.o
 .debug_macro   0x00024cc6      0x1e8 ./Drivers/STM32F4xx_HAL_Driver/Src/stm32f4xx_hal_tim.o
 .debug_macro   0x00024eae      0x1e7 ./Drivers/STM32F4xx_HAL_Driver/Src/stm32f4xx_hal_tim_ex.o
 .debug_macro   0x00025095      0x1e8 ./Drivers/STM32F4xx_HAL_Driver/Src/stm32f4xx_hal_uart.o

.debug_line     0x00000000    0x17495
 .debug_line    0x00000000      0x904 ./Core/Src/BLE/BLE.o
 .debug_line    0x00000904      0x8eb ./Core/Src/BLE/BLE_Commands.o
 .debug_line    0x000011ef      0x7f0 ./Core/Src/IMU/IMU.o
 .debug_line    0x000019df      0x761 ./Core/Src/Motor/motor.o
 .debug_line    0x00002140      0x781 ./Core/Src/Servo/Servo.o
 .debug_line    0x000028c1      0x70a ./Core/Src/dma.o
 .debug_line    0x00002fcb      0x709 ./Core/Src/gpio.o
 .debug_line    0x000036d4      0x7dd ./Core/Src/i2c.o
 .debug_line    0x00003eb1      0x867 ./Core/Src/main.o
 .debug_line    0x00004718      0x70c ./Core/Src/stm32f4xx_hal_msp.o
 .debug_line    0x00004e24      0x847 ./Core/Src/stm32f4xx_it.o
 .debug_line    0x0000566b      0x782 ./Core/Src/system_stm32f4xx.o
 .debug_line    0x00005ded      0x896 ./Core/Src/tim.o
 .debug_line    0x00006683      0x779 ./Core/Src/usart.o
 .debug_line    0x00006dfc       0x7a ./Core/Startup/startup_stm32f429zitx.o
 .debug_line    0x00006e76      0xa30 ./Drivers/STM32F4xx_HAL_Driver/Src/stm32f4xx_hal.o
 .debug_line    0x000078a6      0xcec ./Drivers/STM32F4xx_HAL_Driver/Src/stm32f4xx_hal_cortex.o
 .debug_line    0x00008592      0xf6a ./Drivers/STM32F4xx_HAL_Driver/Src/stm32f4xx_hal_dma.o
 .debug_line    0x000094fc      0xbae ./Drivers/STM32F4xx_HAL_Driver/Src/stm32f4xx_hal_gpio.o
 .debug_line    0x0000a0aa     0x3b3b ./Drivers/STM32F4xx_HAL_Driver/Src/stm32f4xx_hal_i2c.o
 .debug_line    0x0000dbe5      0x787 ./Drivers/STM32F4xx_HAL_Driver/Src/stm32f4xx_hal_i2c_ex.o
 .debug_line    0x0000e36c      0x923 ./Drivers/STM32F4xx_HAL_Driver/Src/stm32f4xx_hal_pwr_ex.o
 .debug_line    0x0000ec8f      0xd83 ./Drivers/STM32F4xx_HAL_Driver/Src/stm32f4xx_hal_rcc.o
 .debug_line    0x0000fa12     0x3796 ./Drivers/STM32F4xx_HAL_Driver/Src/stm32f4xx_hal_tim.o
 .debug_line    0x000131a8     0x19f0 ./Drivers/STM32F4xx_HAL_Driver/Src/stm32f4xx_hal_tim_ex.o
 .debug_line    0x00014b98     0x28fd ./Drivers/STM32F4xx_HAL_Driver/Src/stm32f4xx_hal_uart.o

.debug_str      0x00000000    0xdc694
 .debug_str     0x00000000    0xd7bd9 ./Core/Src/BLE/BLE.o
                              0xd7eda (size before relaxing)
 .debug_str     0x000d7bd9      0x154 ./Core/Src/BLE/BLE_Commands.o
                              0xd7a14 (size before relaxing)
 .debug_str     0x000d7d2d      0x38e ./Core/Src/IMU/IMU.o
                              0xd4e35 (size before relaxing)
 .debug_str     0x000d80bb      0x2fe ./Core/Src/Motor/motor.o
                              0xd4e1a (size before relaxing)
 .debug_str     0x000d83b9       0x5a ./Core/Src/Servo/Servo.o
                              0xd4879 (size before relaxing)
 .debug_str     0x000d8413      0x6ab ./Core/Src/dma.o
                              0xd4e85 (size before relaxing)
 .debug_str     0x000d8abe       0x2c ./Core/Src/gpio.o
                              0xd4904 (size before relaxing)
 .debug_str     0x000d8aea      0x130 ./Core/Src/i2c.o
                              0xd550c (size before relaxing)
 .debug_str     0x000d8c1a      0x1da ./Core/Src/main.o
                              0xd5106 (size before relaxing)
 .debug_str     0x000d8df4       0x2c ./Core/Src/stm32f4xx_hal_msp.o
                              0xd4904 (size before relaxing)
 .debug_str     0x000d8e20      0x172 ./Core/Src/stm32f4xx_it.o
                              0xd5052 (size before relaxing)
 .debug_str     0x000d8f92       0xdb ./Core/Src/system_stm32f4xx.o
                              0xd492f (size before relaxing)
 .debug_str     0x000d906d      0x1ea ./Core/Src/tim.o
                              0xd5102 (size before relaxing)
 .debug_str     0x000d9257       0x51 ./Core/Src/usart.o
                              0xd5424 (size before relaxing)
 .debug_str     0x000d92a8       0x44 ./Core/Startup/startup_stm32f429zitx.o
                                 0x93 (size before relaxing)
 .debug_str     0x000d92ec      0x648 ./Drivers/STM32F4xx_HAL_Driver/Src/stm32f4xx_hal.o
                              0xd5552 (size before relaxing)
 .debug_str     0x000d9934      0x36b ./Drivers/STM32F4xx_HAL_Driver/Src/stm32f4xx_hal_cortex.o
                              0xd5280 (size before relaxing)
 .debug_str     0x000d9c9f      0x2f4 ./Drivers/STM32F4xx_HAL_Driver/Src/stm32f4xx_hal_dma.o
                              0xd4d36 (size before relaxing)
 .debug_str     0x000d9f93      0x15d ./Drivers/STM32F4xx_HAL_Driver/Src/stm32f4xx_hal_gpio.o
                              0xd4aaa (size before relaxing)
 .debug_str     0x000da0f0      0xa88 ./Drivers/STM32F4xx_HAL_Driver/Src/stm32f4xx_hal_i2c.o
                              0xd593f (size before relaxing)
 .debug_str     0x000dab78       0x3b ./Drivers/STM32F4xx_HAL_Driver/Src/stm32f4xx_hal_i2c_ex.o
                              0xd4cfe (size before relaxing)
 .debug_str     0x000dabb3      0x135 ./Drivers/STM32F4xx_HAL_Driver/Src/stm32f4xx_hal_pwr_ex.o
                              0xd4b07 (size before relaxing)
 .debug_str     0x000dace8      0x213 ./Drivers/STM32F4xx_HAL_Driver/Src/stm32f4xx_hal_rcc.o
                              0xd4d63 (size before relaxing)
 .debug_str     0x000daefb      0xd50 ./Drivers/STM32F4xx_HAL_Driver/Src/stm32f4xx_hal_tim.o
                              0xd5ca6 (size before relaxing)
 .debug_str     0x000dbc4b      0x493 ./Drivers/STM32F4xx_HAL_Driver/Src/stm32f4xx_hal_tim_ex.o
                              0xd54b2 (size before relaxing)
 .debug_str     0x000dc0de      0x5b6 ./Drivers/STM32F4xx_HAL_Driver/Src/stm32f4xx_hal_uart.o
                              0xd5331 (size before relaxing)

.comment        0x00000000       0x43
 .comment       0x00000000       0x43 ./Core/Src/BLE/BLE.o
                                 0x44 (size before relaxing)
 .comment       0x00000043       0x44 ./Core/Src/BLE/BLE_Commands.o
 .comment       0x00000043       0x44 ./Core/Src/IMU/IMU.o
 .comment       0x00000043       0x44 ./Core/Src/Motor/motor.o
 .comment       0x00000043       0x44 ./Core/Src/Servo/Servo.o
 .comment       0x00000043       0x44 ./Core/Src/dma.o
 .comment       0x00000043       0x44 ./Core/Src/gpio.o
 .comment       0x00000043       0x44 ./Core/Src/i2c.o
 .comment       0x00000043       0x44 ./Core/Src/main.o
 .comment       0x00000043       0x44 ./Core/Src/stm32f4xx_hal_msp.o
 .comment       0x00000043       0x44 ./Core/Src/stm32f4xx_it.o
 .comment       0x00000043       0x44 ./Core/Src/system_stm32f4xx.o
 .comment       0x00000043       0x44 ./Core/Src/tim.o
 .comment       0x00000043       0x44 ./Core/Src/usart.o
 .comment       0x00000043       0x44 ./Drivers/STM32F4xx_HAL_Driver/Src/stm32f4xx_hal.o
 .comment       0x00000043       0x44 ./Drivers/STM32F4xx_HAL_Driver/Src/stm32f4xx_hal_cortex.o
 .comment       0x00000043       0x44 ./Drivers/STM32F4xx_HAL_Driver/Src/stm32f4xx_hal_dma.o
 .comment       0x00000043       0x44 ./Drivers/STM32F4xx_HAL_Driver/Src/stm32f4xx_hal_gpio.o
 .comment       0x00000043       0x44 ./Drivers/STM32F4xx_HAL_Driver/Src/stm32f4xx_hal_i2c.o
 .comment       0x00000043       0x44 ./Drivers/STM32F4xx_HAL_Driver/Src/stm32f4xx_hal_i2c_ex.o
 .comment       0x00000043       0x44 ./Drivers/STM32F4xx_HAL_Driver/Src/stm32f4xx_hal_pwr_ex.o
 .comment       0x00000043       0x44 ./Drivers/STM32F4xx_HAL_Driver/Src/stm32f4xx_hal_rcc.o
 .comment       0x00000043       0x44 ./Drivers/STM32F4xx_HAL_Driver/Src/stm32f4xx_hal_tim.o
 .comment       0x00000043       0x44 ./Drivers/STM32F4xx_HAL_Driver/Src/stm32f4xx_hal_tim_ex.o
 .comment       0x00000043       0x44 ./Drivers/STM32F4xx_HAL_Driver/Src/stm32f4xx_hal_uart.o

.debug_frame    0x00000000     0x48ec
 .debug_frame   0x00000000       0x98 ./Core/Src/BLE/BLE.o
 .debug_frame   0x00000098       0x34 ./Core/Src/BLE/BLE_Commands.o
 .debug_frame   0x000000cc       0xa8 ./Core/Src/IMU/IMU.o
 .debug_frame   0x00000174       0x70 ./Core/Src/Motor/motor.o
 .debug_frame   0x000001e4       0x58 ./Core/Src/Servo/Servo.o
 .debug_frame   0x0000023c       0x34 ./Core/Src/dma.o
 .debug_frame   0x00000270       0x38 ./Core/Src/gpio.o
 .debug_frame   0x000002a8       0x74 ./Core/Src/i2c.o
 .debug_frame   0x0000031c       0x6c ./Core/Src/main.o
 .debug_frame   0x00000388       0x38 ./Core/Src/stm32f4xx_hal_msp.o
 .debug_frame   0x000003c0      0x190 ./Core/Src/stm32f4xx_it.o
 .debug_frame   0x00000550       0x58 ./Core/Src/system_stm32f4xx.o
 .debug_frame   0x000005a8       0xcc ./Core/Src/tim.o
 .debug_frame   0x00000674       0x74 ./Core/Src/usart.o
 .debug_frame   0x000006e8      0x3b4 ./Drivers/STM32F4xx_HAL_Driver/Src/stm32f4xx_hal.o
 .debug_frame   0x00000a9c      0x508 ./Drivers/STM32F4xx_HAL_Driver/Src/stm32f4xx_hal_cortex.o
 .debug_frame   0x00000fa4      0x250 ./Drivers/STM32F4xx_HAL_Driver/Src/stm32f4xx_hal_dma.o
 .debug_frame   0x000011f4      0x14c ./Drivers/STM32F4xx_HAL_Driver/Src/stm32f4xx_hal_gpio.o
 .debug_frame   0x00001340      0xc84 ./Drivers/STM32F4xx_HAL_Driver/Src/stm32f4xx_hal_i2c.o
 .debug_frame   0x00001fc4       0x60 ./Drivers/STM32F4xx_HAL_Driver/Src/stm32f4xx_hal_i2c_ex.o
 .debug_frame   0x00002024      0x14c ./Drivers/STM32F4xx_HAL_Driver/Src/stm32f4xx_hal_pwr_ex.o
 .debug_frame   0x00002170      0x1f4 ./Drivers/STM32F4xx_HAL_Driver/Src/stm32f4xx_hal_rcc.o
 .debug_frame   0x00002364     0x11c0 ./Drivers/STM32F4xx_HAL_Driver/Src/stm32f4xx_hal_tim.o
 .debug_frame   0x00003524      0x638 ./Drivers/STM32F4xx_HAL_Driver/Src/stm32f4xx_hal_tim_ex.o
 .debug_frame   0x00003b5c      0x954 ./Drivers/STM32F4xx_HAL_Driver/Src/stm32f4xx_hal_uart.o
 .debug_frame   0x000044b0       0x30 /Applications/STM32CubeIDE.app/Contents/Eclipse/plugins/com.st.stm32cube.ide.mcu.externaltools.gnu-tools-for-stm32.12.3.rel1.macos64_1.1.0.202410301201/tools/bin/../lib/gcc/arm-none-eabi/12.3.1/../../../../arm-none-eabi/lib/thumb/v7e-m+fp/hard/libc_nano.a(libc_a-atoi.o)
 .debug_frame   0x000044e0      0x144 /Applications/STM32CubeIDE.app/Contents/Eclipse/plugins/com.st.stm32cube.ide.mcu.externaltools.gnu-tools-for-stm32.12.3.rel1.macos64_1.1.0.202410301201/tools/bin/../lib/gcc/arm-none-eabi/12.3.1/../../../../arm-none-eabi/lib/thumb/v7e-m+fp/hard/libc_nano.a(libc_a-findfp.o)
 .debug_frame   0x00004624       0x64 /Applications/STM32CubeIDE.app/Contents/Eclipse/plugins/com.st.stm32cube.ide.mcu.externaltools.gnu-tools-for-stm32.12.3.rel1.macos64_1.1.0.202410301201/tools/bin/../lib/gcc/arm-none-eabi/12.3.1/../../../../arm-none-eabi/lib/thumb/v7e-m+fp/hard/libc_nano.a(libc_a-strtol.o)
 .debug_frame   0x00004688       0x20 /Applications/STM32CubeIDE.app/Contents/Eclipse/plugins/com.st.stm32cube.ide.mcu.externaltools.gnu-tools-for-stm32.12.3.rel1.macos64_1.1.0.202410301201/tools/bin/../lib/gcc/arm-none-eabi/12.3.1/../../../../arm-none-eabi/lib/thumb/v7e-m+fp/hard/libc_nano.a(libc_a-memset.o)
 .debug_frame   0x000046a8       0x20 /Applications/STM32CubeIDE.app/Contents/Eclipse/plugins/com.st.stm32cube.ide.mcu.externaltools.gnu-tools-for-stm32.12.3.rel1.macos64_1.1.0.202410301201/tools/bin/../lib/gcc/arm-none-eabi/12.3.1/../../../../arm-none-eabi/lib/thumb/v7e-m+fp/hard/libc_nano.a(libc_a-errno.o)
 .debug_frame   0x000046c8       0x2c /Applications/STM32CubeIDE.app/Contents/Eclipse/plugins/com.st.stm32cube.ide.mcu.externaltools.gnu-tools-for-stm32.12.3.rel1.macos64_1.1.0.202410301201/tools/bin/../lib/gcc/arm-none-eabi/12.3.1/../../../../arm-none-eabi/lib/thumb/v7e-m+fp/hard/libc_nano.a(libc_a-init.o)
 .debug_frame   0x000046f4       0x28 /Applications/STM32CubeIDE.app/Contents/Eclipse/plugins/com.st.stm32cube.ide.mcu.externaltools.gnu-tools-for-stm32.12.3.rel1.macos64_1.1.0.202410301201/tools/bin/../lib/gcc/arm-none-eabi/12.3.1/../../../../arm-none-eabi/lib/thumb/v7e-m+fp/hard/libc_nano.a(libc_a-memcpy-stub.o)
 .debug_frame   0x0000471c       0xac /Applications/STM32CubeIDE.app/Contents/Eclipse/plugins/com.st.stm32cube.ide.mcu.externaltools.gnu-tools-for-stm32.12.3.rel1.macos64_1.1.0.202410301201/tools/bin/../lib/gcc/arm-none-eabi/12.3.1/thumb/v7e-m+fp/hard/libgcc.a(_arm_addsubdf3.o)
 .debug_frame   0x000047c8       0xc4 /Applications/STM32CubeIDE.app/Contents/Eclipse/plugins/com.st.stm32cube.ide.mcu.externaltools.gnu-tools-for-stm32.12.3.rel1.macos64_1.1.0.202410301201/tools/bin/../lib/gcc/arm-none-eabi/12.3.1/thumb/v7e-m+fp/hard/libgcc.a(_arm_cmpdf2.o)
 .debug_frame   0x0000488c       0x2c /Applications/STM32CubeIDE.app/Contents/Eclipse/plugins/com.st.stm32cube.ide.mcu.externaltools.gnu-tools-for-stm32.12.3.rel1.macos64_1.1.0.202410301201/tools/bin/../lib/gcc/arm-none-eabi/12.3.1/thumb/v7e-m+fp/hard/libgcc.a(_aeabi_uldivmod.o)
 .debug_frame   0x000048b8       0x34 /Applications/STM32CubeIDE.app/Contents/Eclipse/plugins/com.st.stm32cube.ide.mcu.externaltools.gnu-tools-for-stm32.12.3.rel1.macos64_1.1.0.202410301201/tools/bin/../lib/gcc/arm-none-eabi/12.3.1/thumb/v7e-m+fp/hard/libgcc.a(_udivmoddi4.o)

.debug_line_str
                0x00000000       0x77
 .debug_line_str
                0x00000000       0x77 ./Core/Startup/startup_stm32f429zitx.o
