../Core/Src/Servo/Servo.c:25:6:setServoDuty	40	static
../Core/Src/Servo/Servo.c:74:6:setAllServos	16	static
../Core/Src/Servo/Servo.c:82:6:setServosSep	24	static
../Core/Src/Servo/Servo.c:91:6:set_offset	16	static
../Core/Src/Servo/Servo.c:120:6:set_min_range	16	static
../Core/Src/Servo/Servo.c:125:6:set_max_range	16	static
../Core/Src/Servo/Servo.c:131:6:update_range	24	static
../Core/Src/Servo/Servo.c:140:6:update_mid_point	16	static
../Core/Src/Servo/Servo.c:146:6:init_offset	8	static
../Core/Src/Servo/Servo.c:153:7:get_duty_cycle	4	static
../Core/Src/Servo/Servo.c:158:7:compute_corrected_duty	40	static
../Core/Src/Servo/Servo.c:170:7:compute_intensity_to_duty	24	static
../Core/Src/Servo/Servo.c:182:6:set_motor_intensity	40	static
../Core/Src/Servo/Servo.c:210:6:compute_operating_range	24	static
