../Core/Src/Servo/Servo.c:25:6:setServoDuty	40	static
../Core/Src/Servo/Servo.c:74:6:setAllServos	16	static
../Core/Src/Servo/Servo.c:84:6:set_offset	16	static
../Core/Src/Servo/Servo.c:113:6:set_min_range	16	static
../Core/Src/Servo/Servo.c:118:6:set_max_range	16	static
../Core/Src/Servo/Servo.c:124:6:update_range	24	static
../Core/Src/Servo/Servo.c:133:6:update_mid_point	16	static
../Core/Src/Servo/Servo.c:139:6:init_offset	8	static
../Core/Src/Servo/Servo.c:146:7:get_duty_cycle	4	static
../Core/Src/Servo/Servo.c:151:7:compute_corrected_duty	40	static
../Core/Src/Servo/Servo.c:163:7:compute_intensity_to_duty	24	static
../Core/Src/Servo/Servo.c:175:6:set_motor_intensity	40	static
../Core/Src/Servo/Servo.c:203:6:compute_operating_range	24	static
